test_additional_two_boots_cannot_be_counted_as_the_five_business_soak_boots (test_wallet_backup_evidence.PlanContract.test_additional_two_boots_cannot_be_counted_as_the_five_business_soak_boots) ... ok
test_actual_nonempty_state_has_single_fee_and_canceled_signed_hold (test_wallet_backup_evidence.WalletBackupEvidence.test_actual_nonempty_state_has_single_fee_and_canceled_signed_hold) ... ok
test_actual_postings_not_just_summary_or_success_receipt_are_required (test_wallet_backup_evidence.WalletBackupEvidence.test_actual_postings_not_just_summary_or_success_receipt_are_required) ... ok
test_monthly_missing_duplicate_unpaid_pending_or_wrong_period_fails (test_wallet_backup_evidence.WalletBackupEvidence.test_monthly_missing_duplicate_unpaid_pending_or_wrong_period_fails) ... ok
test_read_only_reader_does_not_change_or_create_databases (test_wallet_backup_evidence.WalletBackupEvidence.test_read_only_reader_does_not_change_or_create_databases) ... ok
test_reservation_wrong_owner_signature_fee_missing_cancel_or_private_code_never_pass (test_wallet_backup_evidence.WalletBackupEvidence.test_reservation_wrong_owner_signature_fee_missing_cancel_or_private_code_never_pass) ... ok

----------------------------------------------------------------------
Ran 6 tests in 0.283s

OK

test_a_renamed_fixture_version_cannot_make_an_update_test (test_os_business_ui_contract.BusinessEvidence.test_a_renamed_fixture_version_cannot_make_an_update_test) ... ok
test_backup_preparation_reinstalls_only_after_real_delete_and_retains_older_jobs (test_os_business_ui_contract.BusinessEvidence.test_backup_preparation_reinstalls_only_after_real_delete_and_retains_older_jobs) ... ok
test_receipt_job_and_audit_must_agree_not_just_show_a_success_status (test_os_business_ui_contract.BusinessEvidence.test_receipt_job_and_audit_must_agree_not_just_show_a_success_status) ... ok
test_retained_rows_cannot_disappear_or_change_after_reboot_or_delete (test_os_business_ui_contract.BusinessEvidence.test_retained_rows_cannot_disappear_or_change_after_reboot_or_delete) ... ok
test_two_real_signed_versions_have_distinct_reviewable_business_output (test_os_business_ui_contract.BusinessEvidence.test_two_real_signed_versions_have_distinct_reviewable_business_output) ... ok
test_changing_thresholds_after_execution_or_short_mode_never_passes_soak (test_os_business_ui_contract.SoakBudgets.test_changing_thresholds_after_execution_or_short_mode_never_passes_soak) ... ok
test_non_finite_measurements_do_not_pass_comparison_guards (test_os_business_ui_contract.SoakBudgets.test_non_finite_measurements_do_not_pass_comparison_guards) ... ok
test_real_5_cycles_60_minutes_and_resource_thresholds_are_all_required (test_os_business_ui_contract.SoakBudgets.test_real_5_cycles_60_minutes_and_resource_thresholds_are_all_required) ... ok
test_all_other_business_roles_and_extra_tables_remain_strict (test_os_business_ui_harness.LifecycleGuards.test_all_other_business_roles_and_extra_tables_remain_strict) ... ok
test_closed_observation_holds_existing_lock_against_another_process (test_os_business_ui_harness.LifecycleGuards.test_closed_observation_holds_existing_lock_against_another_process) ... ok
test_first_and_later_shutdown_need_actual_guest_event_and_distinct_boot (test_os_business_ui_harness.LifecycleGuards.test_first_and_later_shutdown_need_actual_guest_event_and_distinct_boot) ... ok
test_non_linux_preflight_never_starts_qemu_or_touches_disks (test_os_business_ui_harness.LifecycleGuards.test_non_linux_preflight_never_starts_qemu_or_touches_disks) ... ok
test_normal_shutdown_sends_only_ui_confirmation_and_never_force_power (test_os_business_ui_harness.LifecycleGuards.test_normal_shutdown_sends_only_ui_confirmation_and_never_force_power) ... ok
test_preflight_only_freezes_full_profile_without_starting_a_device (test_os_business_ui_harness.LifecycleGuards.test_preflight_only_freezes_full_profile_without_starting_a_device) ... {"status": "PREFLIGHT_ONLY", "evidence": "/tmp/tmps74cihqn/evidence"}
ok
test_replacement_running_record_blocks_every_closed_disk_observation (test_os_business_ui_harness.LifecycleGuards.test_replacement_running_record_blocks_every_closed_disk_observation) ... ok
test_resource_summary_is_process_observation_not_guest_memory_claim (test_os_business_ui_harness.LifecycleGuards.test_resource_summary_is_process_observation_not_guest_memory_claim) ... ok
test_retained_wallet_boot_has_no_billing_consent_enrollment_or_reservation_action (test_os_business_ui_harness.LifecycleGuards.test_retained_wallet_boot_has_no_billing_consent_enrollment_or_reservation_action) ... ok
test_shutdown_exit_first_seen_after_deadline_is_not_a_clean_pass (test_os_business_ui_harness.LifecycleGuards.test_shutdown_exit_first_seen_after_deadline_is_not_a_clean_pass) ... ok
test_ui_failure_retains_owned_running_device_and_never_checks_live_disk (test_os_business_ui_harness.LifecycleGuards.test_ui_failure_retains_owned_running_device_and_never_checks_live_disk) ... {"status": "FAIL", "evidence": "/tmp/tmpm6_aylvc/evidence"}
ok
test_wallet_population_uses_explicit_ui_ceremonies_and_never_reveals_code (test_os_business_ui_harness.LifecycleGuards.test_wallet_population_uses_explicit_ui_ceremonies_and_never_reveals_code) ... ok
test_accent_region_is_an_ocr_candidate_never_a_geometry_only_selector (test_os_business_ui_harness.OCRGuards.test_accent_region_is_an_ocr_candidate_never_a_geometry_only_selector) ... ok
test_ambiguous_click_and_missing_state_never_send_an_input (test_os_business_ui_harness.OCRGuards.test_ambiguous_click_and_missing_state_never_send_an_input) ... ok
test_low_confidence_blank_invalid_and_duplicate_words_fail_closed (test_os_business_ui_harness.OCRGuards.test_low_confidence_blank_invalid_and_duplicate_words_fail_closed) ... ok
test_matching_state_first_seen_after_deadline_does_not_click (test_os_business_ui_harness.OCRGuards.test_matching_state_first_seen_after_deadline_does_not_click) ... ok
test_ocr_subprocess_is_never_started_after_the_shared_deadline (test_os_business_ui_harness.OCRGuards.test_ocr_subprocess_is_never_started_after_the_shared_deadline) ... ok
test_pointer_is_parked_with_motion_only_without_an_extra_click (test_os_business_ui_harness.OCRGuards.test_pointer_is_parked_with_motion_only_without_an_extra_click) ... ok
test_segmented_japanese_and_full_width_version_labels_have_one_box (test_os_business_ui_harness.OCRGuards.test_segmented_japanese_and_full_width_version_labels_have_one_box) ... ok
test_shared_row_click_uses_only_the_selected_button_words (test_os_business_ui_harness.OCRGuards.test_shared_row_click_uses_only_the_selected_button_words) ... ok
test_two_polarity_passes_only_deduplicate_the_same_exact_phrase_location (test_os_business_ui_harness.OCRGuards.test_two_polarity_passes_only_deduplicate_the_same_exact_phrase_location) ... ok
test_visible_failure_is_saved_and_stops_before_the_next_mutating_input (test_os_business_ui_harness.OCRGuards.test_visible_failure_is_saved_and_stops_before_the_next_mutating_input) ... ok

----------------------------------------------------------------------
Ran 30 tests in 0.503s

OK

