test_actual_frame_old_small_version_fails_and_refined_full_name_selects (test_os_business_catalog_selectors.SemanticSelectors.test_actual_frame_old_small_version_fails_and_refined_full_name_selects) ... ok
test_actual_title_without_same_frame_identity_never_clicks (test_os_business_catalog_selectors.SemanticSelectors.test_actual_title_without_same_frame_identity_never_clicks) ... ok
test_detail_version_requires_name_publisher_and_page_in_same_frame (test_os_business_catalog_selectors.SemanticSelectors.test_detail_version_requires_name_publisher_and_page_in_same_frame) ... ok
test_history_reads_first_card_title_not_small_version_or_fixed_click (test_os_business_catalog_selectors.SemanticSelectors.test_history_reads_first_card_title_not_small_version_or_fixed_click) ... ok
test_late_refined_match_keeps_original_deadline (test_os_business_catalog_selectors.SemanticSelectors.test_late_refined_match_keeps_original_deadline) ... ok
test_literal_json_quotes_cannot_consume_later_tsv_rows (test_os_business_catalog_selectors.SemanticSelectors.test_literal_json_quotes_cannot_consume_later_tsv_rows) ... ok
test_missing_low_confidence_wrong_region_or_duplicate_title_never_clicks (test_os_business_catalog_selectors.SemanticSelectors.test_missing_low_confidence_wrong_region_or_duplicate_title_never_clicks) ... ok
test_product_prefix_is_not_a_full_name_match (test_os_business_catalog_selectors.SemanticSelectors.test_product_prefix_is_not_a_full_name_match) ... ok
test_missing_green_contour_has_no_text_and_oversized_crop_is_rejected (test_os_business_ocr_contour.PrimaryContourGuards.test_missing_green_contour_has_no_text_and_oversized_crop_is_rejected) ... ok
test_rounded_exterior_is_not_ink_and_dim_labels_are_not_brightened (test_os_business_ocr_contour.PrimaryContourGuards.test_rounded_exterior_is_not_ink_and_dim_labels_are_not_brightened) ... ok
test_actual_frame_old_low_confidence_rejects_and_refined_literal_result_passes (test_os_business_result_ocr.BusinessResultOCR.test_actual_frame_old_low_confidence_rejects_and_refined_literal_result_passes) ... ok
test_all_actual_C_rendered_soak_and_lifecycle_frames_use_the_complete_result_selector (test_os_business_result_ocr.BusinessResultOCR.test_all_actual_C_rendered_soak_and_lifecycle_frames_use_the_complete_result_selector) ... ok
test_all_sixty_one_literal_labels_reject_prefix_suffix_and_character_substitution (test_os_business_result_ocr.BusinessResultOCR.test_all_sixty_one_literal_labels_reject_prefix_suffix_and_character_substitution) ... ok
test_complete_business_operation_deadline_is_shared_by_result_wait (test_os_business_result_ocr.BusinessResultOCR.test_complete_business_operation_deadline_is_shared_by_result_wait) ... ok
test_missing_wrong_or_low_confidence_header_never_accepts_result_body (test_os_business_result_ocr.BusinessResultOCR.test_missing_wrong_or_low_confidence_header_never_accepts_result_body) ... ok
test_noncanonical_or_arbitrary_result_selector_rejected_before_capture (test_os_business_result_ocr.BusinessResultOCR.test_noncanonical_or_arbitrary_result_selector_rejected_before_capture) ... ok
test_pass_selection_does_not_depend_on_the_expected_input_label (test_os_business_result_ocr.BusinessResultOCR.test_pass_selection_does_not_depend_on_the_expected_input_label) ... ok
test_refined_frame_found_after_original_deadline_never_passes_or_sends_input (test_os_business_result_ocr.BusinessResultOCR.test_refined_frame_found_after_original_deadline_never_passes_or_sends_input) ... ok
test_wrong_body_region_low_confidence_and_duplicate_labels_never_pass (test_os_business_result_ocr.BusinessResultOCR.test_wrong_body_region_low_confidence_and_duplicate_labels_never_pass) ... ok
test_a_renamed_fixture_version_cannot_make_an_update_test (test_os_business_ui_contract.BusinessEvidence.test_a_renamed_fixture_version_cannot_make_an_update_test) ... ok
test_backup_preparation_reinstalls_only_after_real_delete_and_retains_older_jobs (test_os_business_ui_contract.BusinessEvidence.test_backup_preparation_reinstalls_only_after_real_delete_and_retains_older_jobs) ... ok
test_receipt_job_and_audit_must_agree_not_just_show_a_success_status (test_os_business_ui_contract.BusinessEvidence.test_receipt_job_and_audit_must_agree_not_just_show_a_success_status) ... ok
test_retained_rows_cannot_disappear_or_change_after_reboot_or_delete (test_os_business_ui_contract.BusinessEvidence.test_retained_rows_cannot_disappear_or_change_after_reboot_or_delete) ... ok
test_two_real_signed_versions_have_distinct_reviewable_business_output (test_os_business_ui_contract.BusinessEvidence.test_two_real_signed_versions_have_distinct_reviewable_business_output) ... ok
test_changing_thresholds_after_execution_or_short_mode_never_passes_soak (test_os_business_ui_contract.SoakBudgets.test_changing_thresholds_after_execution_or_short_mode_never_passes_soak) ... ok
test_non_finite_measurements_do_not_pass_comparison_guards (test_os_business_ui_contract.SoakBudgets.test_non_finite_measurements_do_not_pass_comparison_guards) ... ok
test_real_5_cycles_60_minutes_and_resource_thresholds_are_all_required (test_os_business_ui_contract.SoakBudgets.test_real_5_cycles_60_minutes_and_resource_thresholds_are_all_required) ... ok
test_all_other_business_roles_and_extra_tables_remain_strict (test_os_business_ui_harness.LifecycleGuards.test_all_other_business_roles_and_extra_tables_remain_strict) ... ok
test_closed_observation_holds_existing_lock_against_another_process (test_os_business_ui_harness.LifecycleGuards.test_closed_observation_holds_existing_lock_against_another_process) ... ok
test_first_and_later_shutdown_need_actual_guest_event_and_distinct_boot (test_os_business_ui_harness.LifecycleGuards.test_first_and_later_shutdown_need_actual_guest_event_and_distinct_boot) ... ok
test_non_linux_preflight_never_starts_qemu_or_touches_disks (test_os_business_ui_harness.LifecycleGuards.test_non_linux_preflight_never_starts_qemu_or_touches_disks) ... ok
test_normal_shutdown_sends_only_ui_confirmation_and_never_force_power (test_os_business_ui_harness.LifecycleGuards.test_normal_shutdown_sends_only_ui_confirmation_and_never_force_power) ... ok
test_pinned_exit_rechecks_identity_and_closes_on_all_paths (test_os_business_ui_harness.LifecycleGuards.test_pinned_exit_rechecks_identity_and_closes_on_all_paths) ... ok
test_pinned_exit_refuses_unowned_process_before_open (test_os_business_ui_harness.LifecycleGuards.test_pinned_exit_refuses_unowned_process_before_open) ... ok
test_preflight_only_freezes_full_profile_without_starting_a_device (test_os_business_ui_harness.LifecycleGuards.test_preflight_only_freezes_full_profile_without_starting_a_device) ... {"status": "PREFLIGHT_ONLY", "evidence": "/tmp/tmp7ea14sdf/evidence"}
ok
test_proc_identity_loss_does_not_bypass_pinned_exit_wait (test_os_business_ui_harness.LifecycleGuards.test_proc_identity_loss_does_not_bypass_pinned_exit_wait) ... ok
test_replacement_running_record_blocks_every_closed_disk_observation (test_os_business_ui_harness.LifecycleGuards.test_replacement_running_record_blocks_every_closed_disk_observation) ... ok
test_resource_summary_is_process_observation_not_guest_memory_claim (test_os_business_ui_harness.LifecycleGuards.test_resource_summary_is_process_observation_not_guest_memory_claim) ... ok
test_retained_wallet_boot_has_no_billing_consent_enrollment_or_reservation_action (test_os_business_ui_harness.LifecycleGuards.test_retained_wallet_boot_has_no_billing_consent_enrollment_or_reservation_action) ... ok
test_shutdown_exit_first_seen_after_deadline_is_not_a_clean_pass (test_os_business_ui_harness.LifecycleGuards.test_shutdown_exit_first_seen_after_deadline_is_not_a_clean_pass) ... ok
test_ui_failure_retains_owned_running_device_and_never_checks_live_disk (test_os_business_ui_harness.LifecycleGuards.test_ui_failure_retains_owned_running_device_and_never_checks_live_disk) ... {"status": "FAIL", "evidence": "/tmp/tmpwafx_a0e/evidence"}
ok
test_wallet_population_uses_explicit_ui_ceremonies_and_never_reveals_code (test_os_business_ui_harness.LifecycleGuards.test_wallet_population_uses_explicit_ui_ceremonies_and_never_reveals_code) ... ok
test_accent_region_is_an_ocr_candidate_never_a_geometry_only_selector (test_os_business_ui_harness.OCRGuards.test_accent_region_is_an_ocr_candidate_never_a_geometry_only_selector) ... ok
test_ambiguous_click_and_missing_state_never_send_an_input (test_os_business_ui_harness.OCRGuards.test_ambiguous_click_and_missing_state_never_send_an_input) ... ok
test_low_confidence_blank_invalid_and_duplicate_words_fail_closed (test_os_business_ui_harness.OCRGuards.test_low_confidence_blank_invalid_and_duplicate_words_fail_closed) ... ok
test_matching_state_first_seen_after_deadline_does_not_click (test_os_business_ui_harness.OCRGuards.test_matching_state_first_seen_after_deadline_does_not_click) ... ok
test_ocr_subprocess_is_never_started_after_the_shared_deadline (test_os_business_ui_harness.OCRGuards.test_ocr_subprocess_is_never_started_after_the_shared_deadline) ... ok
test_pointer_is_parked_with_motion_only_without_an_extra_click (test_os_business_ui_harness.OCRGuards.test_pointer_is_parked_with_motion_only_without_an_extra_click) ... ok
test_segmented_japanese_and_full_width_version_labels_have_one_box (test_os_business_ui_harness.OCRGuards.test_segmented_japanese_and_full_width_version_labels_have_one_box) ... ok
test_shared_row_click_uses_only_the_selected_button_words (test_os_business_ui_harness.OCRGuards.test_shared_row_click_uses_only_the_selected_button_words) ... ok
test_two_polarity_passes_only_deduplicate_the_same_exact_phrase_location (test_os_business_ui_harness.OCRGuards.test_two_polarity_passes_only_deduplicate_the_same_exact_phrase_location) ... ok
test_visible_failure_is_saved_and_stops_before_the_next_mutating_input (test_os_business_ui_harness.OCRGuards.test_visible_failure_is_saved_and_stops_before_the_next_mutating_input) ... ok
test_actual_qemu_placeholder_and_empty_native_frame_are_pending_only (test_os_business_ui_harness.PendingFramebufferGuards.test_actual_qemu_placeholder_and_empty_native_frame_are_pending_only) ... ok
test_failed_new_capture_cannot_reuse_an_old_pending_png (test_os_business_ui_harness.PendingFramebufferGuards.test_failed_new_capture_cannot_reuse_an_old_pending_png) ... ok
test_malformed_crc_truncation_wrong_pixels_and_decoded_overflow_are_fatal (test_os_business_ui_harness.PendingFramebufferGuards.test_malformed_crc_truncation_wrong_pixels_and_decoded_overflow_are_fatal) ... ok
test_native_match_after_pending_deadline_cannot_send_input (test_os_business_ui_harness.PendingFramebufferGuards.test_native_match_after_pending_deadline_cannot_send_input) ... ok
test_pending_capture_preserves_first_evidence_without_running_ocr (test_os_business_ui_harness.PendingFramebufferGuards.test_pending_capture_preserves_first_evidence_without_running_ocr) ... ok
test_pending_frame_after_boot_is_fatal_without_input_or_ocr (test_os_business_ui_harness.PendingFramebufferGuards.test_pending_frame_after_boot_is_fatal_without_input_or_ocr) ... ok
test_pending_then_actual_native_match_before_deadline_can_be_ready (test_os_business_ui_harness.PendingFramebufferGuards.test_pending_then_actual_native_match_before_deadline_can_be_ready) ... ok
test_pending_wait_keeps_original_180_seconds_and_never_seeks_or_clicks (test_os_business_ui_harness.PendingFramebufferGuards.test_pending_wait_keeps_original_180_seconds_and_never_seeks_or_clicks) ... ok
test_actual_failed_run_enrollment_frame_uses_exact_label (test_os_business_wallet_ocr.WalletOCRGuards.test_actual_failed_run_enrollment_frame_uses_exact_label) ... ok
test_anchor_and_wrong_or_low_confidence_full_labels_never_click (test_os_business_wallet_ocr.WalletOCRGuards.test_anchor_and_wrong_or_low_confidence_full_labels_never_click) ... ok
test_auth_button_full_crop_can_cross_content_boundary_without_footer_click (test_os_business_wallet_ocr.WalletOCRGuards.test_auth_button_full_crop_can_cross_content_boundary_without_footer_click) ... ok
test_notice_segmentation_needs_actual_success_or_error_background (test_os_business_wallet_ocr.WalletOCRGuards.test_notice_segmentation_needs_actual_success_or_error_background) ... ok
test_primary_original_color_needs_bright_ink_in_every_word (test_os_business_wallet_ocr.WalletOCRGuards.test_primary_original_color_needs_bright_ink_in_every_word) ... ok
test_secondary_region_excludes_disabled_palette (test_os_business_wallet_ocr.WalletOCRGuards.test_secondary_region_excludes_disabled_palette) ... ok
test_segmentation_anchors_are_literal_confident_and_bounded (test_os_business_wallet_ocr.WalletOCRGuards.test_segmentation_anchors_are_literal_confident_and_bounded) ... ok
test_wallet_segmentation_requires_unique_literal_header_in_same_frame (test_os_business_wallet_ocr.WalletOCRGuards.test_wallet_segmentation_requires_unique_literal_header_in_same_frame) ... ok

----------------------------------------------------------------------
Ran 68 tests in 0.271s

OK
