test_changing_both_format_labels_cannot_hide_present_ab_bundle_members (test_desktop_local_ab.LocalAB.test_changing_both_format_labels_cannot_hide_present_ab_bundle_members) ... ok
test_distinct_local_profile_verifies_real_signed_factory_and_exact_triple (test_desktop_local_ab.LocalAB.test_distinct_local_profile_verifies_real_signed_factory_and_exact_triple) ... ok
test_local6_uses_every_local_business_table_not_remote_cache (test_desktop_local_ab.LocalAB.test_local6_uses_every_local_business_table_not_remote_cache) ... ok
test_local_backup2_restores_new_offline_local_device_with_all_disk_hashes (test_desktop_local_ab.LocalAB.test_local_backup2_restores_new_offline_local_device_with_all_disk_hashes) ... ok
test_local_command_reuses_three_distinct_slots_and_no_network (test_desktop_local_ab.LocalAB.test_local_command_reuses_three_distinct_slots_and_no_network) ... ok
test_local_data_only_missing_changed_and_wrong_profile_restore_rejected (test_desktop_local_ab.LocalAB.test_local_data_only_missing_changed_and_wrong_profile_restore_rejected) ... ok
test_local_profile_bad_signed_binding_and_writable_input_are_rejected (test_desktop_local_ab.LocalAB.test_local_profile_bad_signed_binding_and_writable_input_are_rejected) ... ok
test_local_profile_reuses_full_unconfigured_image_admission_no_bypass (test_desktop_local_ab.LocalAB.test_local_profile_reuses_full_unconfigured_image_admission_no_bypass) ... ok
test_local_services_action_never_provisions_legacy_endpoints (test_desktop_local_ab.LocalAB.test_local_services_action_never_provisions_legacy_endpoints) ... ok
test_schema6_cannot_smuggle_network_services_profile_or_missing_stage0 (test_desktop_local_ab.LocalAB.test_schema6_cannot_smuggle_network_services_profile_or_missing_stage0) ... ok
test_update_summary_types_duplicates_and_oversized_metadata_reject_before_destination (test_desktop_local_ab.LocalAB.test_update_summary_types_duplicates_and_oversized_metadata_reject_before_destination) ... ok
test_real_ext4_local_image_preflight_is_readonly_and_keeps_factory_signature (test_desktop_local_ab.LocalABActualExt4.test_real_ext4_local_image_preflight_is_readonly_and_keeps_factory_signature) ... ok
test_real_ext4_purchaser_injection_cannot_be_called_a_local_profile (test_desktop_local_ab.LocalABActualExt4.test_real_ext4_purchaser_injection_cannot_be_called_a_local_profile) ... ok

----------------------------------------------------------------------
Ran 13 tests in 0.738s

OK
test_changed_signature_factory_hash_profile_and_scope_rejected (test_desktop_stage0.Stage0Desktop.test_changed_signature_factory_hash_profile_and_scope_rejected) ... ok
test_data_only_format_cannot_be_presented_as_v5_success (test_desktop_stage0.Stage0Desktop.test_data_only_format_cannot_be_presented_as_v5_success) ... ok
test_exact_running_v5_reused_without_disk_or_profile_creation (test_desktop_stage0.Stage0Desktop.test_exact_running_v5_reused_without_disk_or_profile_creation) ... ok
test_explicit_v5_validates_real_signature_three_hashes_and_scope (test_desktop_stage0.Stage0Desktop.test_explicit_v5_validates_real_signature_three_hashes_and_scope) ... ok
test_inconsistent_v5_backup_capacity_is_rejected_before_backup_copy (test_desktop_stage0.Stage0Desktop.test_inconsistent_v5_backup_capacity_is_rejected_before_backup_copy) ... ok
test_missing_or_changed_slot_backup_fails_before_destination (test_desktop_stage0.Stage0Desktop.test_missing_or_changed_slot_backup_fails_before_destination) ... ok
test_new_disks_single_format_then_restart_preserves_updated_b (test_desktop_stage0.Stage0Desktop.test_new_disks_single_format_then_restart_preserves_updated_b) ... ok
test_partial_unknown_disks_or_missing_saved_slot_never_format (test_desktop_stage0.Stage0Desktop.test_partial_unknown_disks_or_missing_saved_slot_never_format) ... ok
test_present_host_backend_endpoint_mismatch_refuses_before_disk (test_desktop_stage0.Stage0Desktop.test_present_host_backend_endpoint_mismatch_refuses_before_disk) ... ok
test_retained_history_without_marker_and_disks_never_reinitializes (test_desktop_stage0.Stage0Desktop.test_retained_history_without_marker_and_disks_never_reinitializes) ... ok
test_signed_update_state_read_only_and_pending_refused (test_desktop_stage0.Stage0Desktop.test_signed_update_state_read_only_and_pending_refused) ... ok
test_stage0_command_three_independent_disks_and_reboot_without_test_flags (test_desktop_stage0.Stage0Desktop.test_stage0_command_three_independent_disks_and_reboot_without_test_flags) ... ok
test_symlink_slot_or_failed_restore_never_activates (test_desktop_stage0.Stage0Desktop.test_symlink_slot_or_failed_restore_never_activates) ... ok
test_v5_backup_complete_set_and_restore_offline_new_device (test_desktop_stage0.Stage0Desktop.test_v5_backup_complete_set_and_restore_offline_new_device) ... ok
test_valid_signature_for_other_root_and_authority_are_rejected (test_desktop_stage0.Stage0Desktop.test_valid_signature_for_other_root_and_authority_are_rejected) ... ok

----------------------------------------------------------------------
Ran 15 tests in 0.659s

OK
test_copy_and_restore_into_new_device_preserve_source (test_os_desktop_backup.OfflineBackup.test_copy_and_restore_into_new_device_preserve_source) ... ok
test_destination_clean_check_failure_never_activates_device (test_os_desktop_backup.OfflineBackup.test_destination_clean_check_failure_never_activates_device) ... ok
test_existing_destination_and_same_source_are_never_overwritten (test_os_desktop_backup.OfflineBackup.test_existing_destination_and_same_source_are_never_overwritten) ... ok
test_final_destination_change_and_wrong_copy_count_are_rejected (test_os_desktop_backup.OfflineBackup.test_final_destination_change_and_wrong_copy_count_are_rejected) ... ok
test_modified_backup_fails_before_creating_destination (test_os_desktop_backup.OfflineBackup.test_modified_backup_fails_before_creating_destination) ... ok
test_restore_does_not_replace_old_remote_journal_with_a_fresh_endpoint (test_os_desktop_backup.OfflineBackup.test_restore_does_not_replace_old_remote_journal_with_a_fresh_endpoint) ... ok
test_running_guest_is_rejected_before_filesystem_or_copy (test_os_desktop_backup.OfflineBackup.test_running_guest_is_rejected_before_filesystem_or_copy) ... ok
test_source_change_after_initial_validation_never_activates_destination (test_os_desktop_backup.OfflineBackup.test_source_change_after_initial_validation_never_activates_destination) ... ok
test_symlink_and_hardlink_data_are_not_copied (test_os_desktop_backup.OfflineBackup.test_symlink_and_hardlink_data_are_not_copied) ... ok
test_unclean_filesystem_is_never_repaired_or_copied (test_os_desktop_backup.OfflineBackup.test_unclean_filesystem_is_never_repaired_or_copied) ... ok
test_wrong_owner_device_marker_is_rejected (test_os_desktop_backup.OfflineBackup.test_wrong_owner_device_marker_is_rejected) ... ok
test_closed_profile_requires_remote_cache_not_a_second_local_ledger (test_os_desktop_backup_profiles.BackupProfileGuards.test_closed_profile_requires_remote_cache_not_a_second_local_ledger) ... ok
test_every_disk_is_compared_at_source_backup_and_restored_destination (test_os_desktop_backup_profiles.BackupProfileGuards.test_every_disk_is_compared_at_source_backup_and_restored_destination) ... ok
test_external_authority_and_runner_cannot_be_called_restored_from_guest_cache (test_os_desktop_backup_profiles.BackupProfileGuards.test_external_authority_and_runner_cannot_be_called_restored_from_guest_cache) ... ok
test_legacy_and_ab_manifests_use_their_actual_format (test_os_desktop_backup_profiles.BackupProfileGuards.test_legacy_and_ab_manifests_use_their_actual_format) ... ok
test_missing_extra_and_invalid_manifest_members_fail_closed (test_os_desktop_backup_profiles.BackupProfileGuards.test_missing_extra_and_invalid_manifest_members_fail_closed) ... ok
test_run_consumes_both_manifest_versions_and_leaves_external_gate_incomplete (test_os_desktop_backup_profiles.BackupProfileGuards.test_run_consumes_both_manifest_versions_and_leaves_external_gate_incomplete)
Exercise orchestration only: all guest/UI/DB seams are synthetic. ... ok
test_symlink_disk_is_rejected_even_if_bytes_match (test_os_desktop_backup_profiles.BackupProfileGuards.test_symlink_disk_is_rejected_even_if_bytes_match) ... ok
test_added_power_table_is_not_covered_by_shutdown_receipt_exception (test_os_desktop_backup_verify.CompleteSchemaEvidenceGuards.test_added_power_table_is_not_covered_by_shutdown_receipt_exception) ... ok
test_all_44_current_business_tables_and_populated_totals_are_observed (test_os_desktop_backup_verify.CompleteSchemaEvidenceGuards.test_all_44_current_business_tables_and_populated_totals_are_observed) ... ok
test_all_added_identity_stream_event_and_credential_hashes_are_compared (test_os_desktop_backup_verify.CompleteSchemaEvidenceGuards.test_all_added_identity_stream_event_and_credential_hashes_are_compared) ... ok
test_due_retry_is_rejected_before_claiming_strict_restoration (test_os_desktop_backup_verify.CompleteSchemaEvidenceGuards.test_due_retry_is_rejected_before_claiming_strict_restoration) ... ok
test_new_table_is_not_silently_omitted (test_os_desktop_backup_verify.CompleteSchemaEvidenceGuards.test_new_table_is_not_silently_omitted) ... ok
test_private_credential_and_membership_rows_are_not_exported (test_os_desktop_backup_verify.CompleteSchemaEvidenceGuards.test_private_credential_and_membership_rows_are_not_exported) ... ok
test_private_snapshot_byte_budget_fails_closed (test_os_desktop_backup_verify.CompleteSchemaEvidenceGuards.test_private_snapshot_byte_budget_fails_closed) ... ok
test_purchaser_profile_preserves_actual_remote_cache_and_all_additional_tables (test_os_desktop_backup_verify.CompleteSchemaEvidenceGuards.test_purchaser_profile_preserves_actual_remote_cache_and_all_additional_tables) ... ok
test_real_identity_row_change_is_detected_without_exporting_it (test_os_desktop_backup_verify.CompleteSchemaEvidenceGuards.test_real_identity_row_change_is_detected_without_exporting_it) ... ok
test_required_table_cannot_be_dropped_to_reduce_comparison_scope (test_os_desktop_backup_verify.CompleteSchemaEvidenceGuards.test_required_table_cannot_be_dropped_to_reduce_comparison_scope) ... ok
test_schema_reads_do_not_modify_source_database_bytes (test_os_desktop_backup_verify.CompleteSchemaEvidenceGuards.test_schema_reads_do_not_modify_source_database_bytes) ... ok
test_sequence_and_schema_changes_are_not_treated_as_harmless_metadata (test_os_desktop_backup_verify.CompleteSchemaEvidenceGuards.test_sequence_and_schema_changes_are_not_treated_as_harmless_metadata) ... ok
test_all_business_hashes_must_match_after_boot (test_os_desktop_backup_verify.RestoreEvidenceGuards.test_all_business_hashes_must_match_after_boot) ... ok
test_completed_job_receipt_and_input_are_not_fabricated (test_os_desktop_backup_verify.RestoreEvidenceGuards.test_completed_job_receipt_and_input_are_not_fabricated) ... ok
test_live_source_existing_destination_and_invalid_name_never_start_actions (test_os_desktop_backup_verify.RestoreEvidenceGuards.test_live_source_existing_destination_and_invalid_name_never_start_actions) ... ok
test_native_shutdown_requires_new_boot_exact_old_receipts_and_guest_event (test_os_desktop_backup_verify.RestoreEvidenceGuards.test_native_shutdown_requires_new_boot_exact_old_receipts_and_guest_event) ... ok
test_wallet_capture_path_only_navigates_and_scrolls (test_os_desktop_backup_verify.RestoreEvidenceGuards.test_wallet_capture_path_only_navigates_and_scrolls) ... ok

----------------------------------------------------------------------
Ran 35 tests in 0.743s

OK
