test_browser_open_error_never_reports_password_argv_or_kills_display (test_os_desktop_launcher.DisplayRecovery.test_browser_open_error_never_reports_password_argv_or_kills_display) ... ok
test_foreign_display_listener_prevents_os_start_and_service_contact (test_os_desktop_launcher.DisplayRecovery.test_foreign_display_listener_prevents_os_start_and_service_contact) ... ok
test_services_failure_retains_open_recorded_owned_display (test_os_desktop_launcher.DisplayRecovery.test_services_failure_retains_open_recorded_owned_display) ... ok
test_backup_requires_existing_binding_and_same_stopped_device_profile (test_os_desktop_launcher_v2.LauncherV2.test_backup_requires_existing_binding_and_same_stopped_device_profile) ... ok
test_changed_vm_identifier_or_configuration_never_selects_replacement (test_os_desktop_launcher_v2.LauncherV2.test_changed_vm_identifier_or_configuration_never_selects_replacement) ... ok
test_closed_viewer_tcp_state_is_reusable_but_live_listener_is_refused (test_os_desktop_launcher_v2.LauncherV2.test_closed_viewer_tcp_state_is_reusable_but_live_listener_is_refused) ... ok
test_early_ready_endpoint_does_not_skip_new_child_exit_check (test_os_desktop_launcher_v2.LauncherV2.test_early_ready_endpoint_does_not_skip_new_child_exit_check) ... ok
test_explicit_profile_preserves_selected_vm_source_device_and_avoids_diskutil (test_os_desktop_launcher_v2.LauncherV2.test_explicit_profile_preserves_selected_vm_source_device_and_avoids_diskutil) ... ok
test_foreign_display_listener_prevents_start_even_when_profile_is_valid (test_os_desktop_launcher_v2.LauncherV2.test_foreign_display_listener_prevents_start_even_when_profile_is_valid) ... ok
test_host_state_binding_rejects_new_profile_before_vm_or_guest_contact (test_os_desktop_launcher_v2.LauncherV2.test_host_state_binding_rejects_new_profile_before_vm_or_guest_contact) ... ok
test_late_display_readiness_is_rejected_before_tunnel_record_or_browser_open (test_os_desktop_launcher_v2.LauncherV2.test_late_display_readiness_is_rejected_before_tunnel_record_or_browser_open) ... ok
test_listener_is_rechecked_before_credentials_and_only_new_child_is_cleaned (test_os_desktop_launcher_v2.LauncherV2.test_listener_is_rechecked_before_credentials_and_only_new_child_is_cleaned) ... ok
test_listener_owner_parser_requires_same_pid_fd_address_and_listen_state (test_os_desktop_launcher_v2.LauncherV2.test_listener_owner_parser_requires_same_pid_fd_address_and_listen_state) ... ok
test_owned_browser_reopen_retains_session_and_never_returns_or_persists_secret (test_os_desktop_launcher_v2.LauncherV2.test_owned_browser_reopen_retains_session_and_never_returns_or_persists_secret) ... ok
test_ready_foreign_listener_is_not_adopted_while_new_ssh_is_still_connecting (test_os_desktop_launcher_v2.LauncherV2.test_ready_foreign_listener_is_not_adopted_while_new_ssh_is_still_connecting) ... ok
test_real_readonly_source_probe_does_not_execute_guest_and_wrong_hash_blocks_action (test_os_desktop_launcher_v2.LauncherV2.test_real_readonly_source_probe_does_not_execute_guest_and_wrong_hash_blocks_action) ... ok
test_remote_command_uses_selected_source_and_existing_vm_without_fallback (test_os_desktop_launcher_v2.LauncherV2.test_remote_command_uses_selected_source_and_existing_vm_without_fallback) ... ok
test_saved_command_and_session_do_not_substitute_for_live_listener_ownership (test_os_desktop_launcher_v2.LauncherV2.test_saved_command_and_session_do_not_substitute_for_live_listener_ownership) ... ok
test_unknown_fields_network_profile_and_partial_image_triple_are_refused (test_os_desktop_launcher_v2.LauncherV2.test_unknown_fields_network_profile_and_partial_image_triple_are_refused) ... ok
test_unmarked_display_state_and_foreign_vm_metadata_are_refused (test_os_desktop_launcher_v2.LauncherV2.test_unmarked_display_state_and_foreign_vm_metadata_are_refused) ... ok
test_unsafe_host_state_and_duplicate_manifest_fields_are_rejected (test_os_desktop_launcher_v2.LauncherV2.test_unsafe_host_state_and_duplicate_manifest_fields_are_rejected) ... ok
test_v1_keeps_external_volume_old_vm_and_source_contract (test_os_desktop_launcher_v2.LauncherV2.test_v1_keeps_external_volume_old_vm_and_source_contract) ... ok
test_wrong_saved_image_or_socket_and_live_missing_session_are_refused (test_os_desktop_launcher_v2.LauncherV2.test_wrong_saved_image_or_socket_and_live_missing_session_are_refused) ... ok

----------------------------------------------------------------------
Ran 23 tests in 0.333s

OK
