test_bad_hash_and_extra_issuance_fields_do_not_export_private_data (test_atm_evidence.ATMEvidenceTests.test_bad_hash_and_extra_issuance_fields_do_not_export_private_data) ... ok
test_code_is_verified_but_absent_from_every_exported_receipt (test_atm_evidence.ATMEvidenceTests.test_code_is_verified_but_absent_from_every_exported_receipt) ... ok
test_enrollment_terms_signed_quote_and_zero_rock_fee_are_required (test_atm_evidence.ATMEvidenceTests.test_enrollment_terms_signed_quote_and_zero_rock_fee_are_required) ... ok
test_host_validator_accepts_consistent_fixture_but_this_is_not_boot_evidence (test_atm_evidence.ATMEvidenceTests.test_host_validator_accepts_consistent_fixture_but_this_is_not_boot_evidence) ... ok
test_host_validator_rejects_skipped_stage_nic_uid_and_scope_drift (test_atm_evidence.ATMEvidenceTests.test_host_validator_rejects_skipped_stage_nic_uid_and_scope_drift) ... ok
test_missing_duplicate_wrong_owner_atm_or_actor_claim_cannot_pass (test_atm_evidence.ATMEvidenceTests.test_missing_duplicate_wrong_owner_atm_or_actor_claim_cannot_pass) ... ok
test_raw_code_in_nested_report_or_unparsed_json_is_rejected (test_atm_evidence.ATMEvidenceTests.test_raw_code_in_nested_report_or_unparsed_json_is_rejected) ... ok
test_read_only_queries_do_not_write_or_create_databases (test_atm_evidence.ATMEvidenceTests.test_read_only_queries_do_not_write_or_create_databases) ... ok
test_real_service_final_state_and_nine_distinct_ui_receipts (test_atm_evidence.ATMEvidenceTests.test_real_service_final_state_and_nine_distinct_ui_receipts) ... ok
test_serial_parser_requires_atm_markers_and_one_proof (test_atm_evidence.ATMEvidenceTests.test_serial_parser_requires_atm_markers_and_one_proof) ... ok
test_snapshot_reader_rejects_business_mutations (test_atm_evidence.ATMEvidenceTests.test_snapshot_reader_rejects_business_mutations) ... ok
test_unflagged_observer_cannot_write_or_shutdown (test_atm_evidence.ATMEvidenceTests.test_unflagged_observer_cannot_write_or_shutdown) ... ok
test_wrong_funds_fee_scope_or_implicit_consent_never_pass (test_atm_evidence.ATMEvidenceTests.test_wrong_funds_fee_scope_or_implicit_consent_never_pass) ... ok
test_setup_failure_closes_allocated_resources_and_removes_temporary_state (test_atm_evidence.ATMFixtureCleanupTests.test_setup_failure_closes_allocated_resources_and_removes_temporary_state) ... ok
test_empty_fresh_and_incremental_stages_are_observed_not_success (test_evidence.EvidenceTests.test_empty_fresh_and_incremental_stages_are_observed_not_success) ... ok
test_extra_job_and_reordered_audit_rejected (test_evidence.EvidenceTests.test_extra_job_and_reordered_audit_rejected) ... ok
test_guard_cannot_write_or_poweroff_unflagged_host (test_evidence.EvidenceTests.test_guard_cannot_write_or_poweroff_unflagged_host) ... ok
test_host_rechecks_full_proof_and_rejects_false_guest_pass (test_evidence.EvidenceTests.test_host_rechecks_full_proof_and_rejects_false_guest_pass) ... ok
test_missing_duplicate_conflicting_and_non_ui_receipts_rejected (test_evidence.EvidenceTests.test_missing_duplicate_conflicting_and_non_ui_receipts_rejected) ... ok
test_observer_refuses_every_mutation_before_socket_connect (test_evidence.EvidenceTests.test_observer_refuses_every_mutation_before_socket_connect) ... ok
test_peer_uid_checked_before_request (test_evidence.EvidenceTests.test_peer_uid_checked_before_request) ... ok
test_read_framing_limits_and_api_errors (test_evidence.EvidenceTests.test_read_framing_limits_and_api_errors) ... ok
test_read_only_database_does_not_create_or_change_state (test_evidence.EvidenceTests.test_read_only_database_does_not_create_or_change_state) ... ok
test_remote_guard_cannot_write_or_poweroff_unflagged_host (test_evidence.EvidenceTests.test_remote_guard_cannot_write_or_poweroff_unflagged_host) ... ok
test_remote_refresh_receipt_requires_ready_queue_and_exact_key (test_evidence.EvidenceTests.test_remote_refresh_receipt_requires_ready_queue_and_exact_key) ... ok
test_remote_registry_observation_is_read_only (test_evidence.EvidenceTests.test_remote_registry_observation_is_read_only) ... ok
test_serial_proof_parser_rejects_absent_or_duplicate (test_evidence.EvidenceTests.test_serial_proof_parser_rejects_absent_or_duplicate) ... ok
test_valid_exact_job_audit_receipts (test_evidence.EvidenceTests.test_valid_exact_job_audit_receipts) ... ok
test_wallet_changes_never_count_as_tool_success (test_evidence.EvidenceTests.test_wallet_changes_never_count_as_tool_success) ... ok
test_wrong_input_output_target_or_job_identity_rejected (test_evidence.EvidenceTests.test_wrong_input_output_target_or_job_identity_rejected) ... ok
test_event_reader_keeps_guest_events_between_input_replies (test_power_evidence.MonitorTests.test_event_reader_keeps_guest_events_between_input_replies) ... ok
test_observer_retries_only_transient_sqlite_locks_with_a_deadline (test_power_evidence.MonitorTests.test_observer_retries_only_transient_sqlite_locks_with_a_deadline) ... ok
test_retry_requires_latest_pending_receipt_for_current_boot_phase (test_power_evidence.MonitorTests.test_retry_requires_latest_pending_receipt_for_current_boot_phase) ... ok
test_actual_disposable_durable_receipts_pass_only_with_external_events (test_power_evidence.PowerEvidenceTests.test_actual_disposable_durable_receipts_pass_only_with_external_events) ... ok
test_host_events_wrong_boot_wallet_or_mounts_never_imply_success (test_power_evidence.PowerEvidenceTests.test_host_events_wrong_boot_wallet_or_mounts_never_imply_success) ... ok
test_post_shutdown_business_counts_and_nonempty_journal_are_rejected (test_power_evidence.PowerEvidenceTests.test_post_shutdown_business_counts_and_nonempty_journal_are_rejected) ... ok
test_read_only_database_never_creates_or_changes_state (test_power_evidence.PowerEvidenceTests.test_read_only_database_never_creates_or_changes_state) ... ok
test_unflagged_observer_and_host_power_commands_are_rejected (test_power_evidence.PowerEvidenceTests.test_unflagged_observer_and_host_power_commands_are_rejected) ... ok
test_wrong_request_status_receipt_or_extra_action_rejected (test_power_evidence.PowerEvidenceTests.test_wrong_request_status_receipt_or_extra_action_rejected) ... ok
test_actual_durable_prepare_cancel_and_approval_shapes (test_runner_evidence.EvidenceGuards.test_actual_durable_prepare_cancel_and_approval_shapes) ... ok
test_callback_result_cannot_claim_actual_isolated_execution (test_runner_evidence.EvidenceGuards.test_callback_result_cannot_claim_actual_isolated_execution) ... ok
test_changed_input_destination_and_accidental_preparation_send_rejected (test_runner_evidence.EvidenceGuards.test_changed_input_destination_and_accidental_preparation_send_rejected) ... ok
test_fixed_database_reads_close_and_never_create_or_modify (test_runner_evidence.EvidenceGuards.test_fixed_database_reads_close_and_never_create_or_modify) ... ok
test_unapproved_or_changed_exact_consent_is_not_an_accepted_job (test_runner_evidence.EvidenceGuards.test_unapproved_or_changed_exact_consent_is_not_an_accepted_job) ... ok
test_wrong_cancel_identity_and_reused_preparation_key_rejected (test_runner_evidence.EvidenceGuards.test_wrong_cancel_identity_and_reused_preparation_key_rejected) ... ok
test_cleanup_failure_does_not_skip_remaining_owned_resources (test_runner_evidence.HarnessGuards.test_cleanup_failure_does_not_skip_remaining_owned_resources) ... ok
test_late_guest_validation_error_always_persists_failure (test_runner_evidence.HarnessGuards.test_late_guest_validation_error_always_persists_failure) ... ok
test_terminal_erasure_and_bound_executor_records (test_runner_evidence.HarnessGuards.test_terminal_erasure_and_bound_executor_records) ... ok
test_actual_disposable_ledger_and_membership_receipts (test_wallet_evidence.WalletEvidenceTests.test_actual_disposable_ledger_and_membership_receipts) ... ok
test_missing_duplicate_non_ui_or_failed_receipts_never_pass (test_wallet_evidence.WalletEvidenceTests.test_missing_duplicate_non_ui_or_failed_receipts_never_pass) ... ok
test_observer_will_not_write_or_shutdown_an_unflagged_host (test_wallet_evidence.WalletEvidenceTests.test_observer_will_not_write_or_shutdown_an_unflagged_host) ... ok
test_query_only_read_does_not_change_or_create_databases (test_wallet_evidence.WalletEvidenceTests.test_query_only_read_does_not_change_or_create_databases) ... ok
test_wallet_terms_cannot_be_replaced_by_monthly_consent (test_wallet_evidence.WalletEvidenceTests.test_wallet_terms_cannot_be_replaced_by_monthly_consent) ... ok
test_wrong_fee_balance_identity_or_renewal_never_pass (test_wallet_evidence.WalletEvidenceTests.test_wrong_fee_balance_identity_or_renewal_never_pass) ... ok
test_setup_failure_closes_allocated_resources_and_removes_temporary_state (test_wallet_evidence.WalletFixtureCleanupTests.test_setup_failure_closes_allocated_resources_and_removes_temporary_state) ... ok

----------------------------------------------------------------------
Ran 55 tests in 1.187s

OK
