test_copy_and_restore_into_new_device_preserve_source (test_os_desktop_backup.OfflineBackup.test_copy_and_restore_into_new_device_preserve_source) ... ok
test_destination_clean_check_failure_never_activates_device (test_os_desktop_backup.OfflineBackup.test_destination_clean_check_failure_never_activates_device) ... ok
test_existing_destination_and_same_source_are_never_overwritten (test_os_desktop_backup.OfflineBackup.test_existing_destination_and_same_source_are_never_overwritten) ... ok
test_final_destination_change_and_wrong_copy_count_are_rejected (test_os_desktop_backup.OfflineBackup.test_final_destination_change_and_wrong_copy_count_are_rejected) ... ok
test_modified_backup_fails_before_creating_destination (test_os_desktop_backup.OfflineBackup.test_modified_backup_fails_before_creating_destination) ... ok
test_restore_does_not_replace_old_remote_journal_with_a_fresh_endpoint (test_os_desktop_backup.OfflineBackup.test_restore_does_not_replace_old_remote_journal_with_a_fresh_endpoint) ... ok
test_running_guest_is_rejected_before_filesystem_or_copy (test_os_desktop_backup.OfflineBackup.test_running_guest_is_rejected_before_filesystem_or_copy) ... ok
test_source_change_after_initial_validation_never_activates_destination (test_os_desktop_backup.OfflineBackup.test_source_change_after_initial_validation_never_activates_destination) ... ok
test_symlink_and_hardlink_data_are_not_copied (test_os_desktop_backup.OfflineBackup.test_symlink_and_hardlink_data_are_not_copied) ... ok
test_unclean_filesystem_is_never_repaired_or_copied (test_os_desktop_backup.OfflineBackup.test_unclean_filesystem_is_never_repaired_or_copied) ... ok
test_wrong_owner_device_marker_is_rejected (test_os_desktop_backup.OfflineBackup.test_wrong_owner_device_marker_is_rejected) ... ok
test_changed_config_and_incomplete_session_identity_are_rejected (test_os_desktop_backup_locking.ClosedGuardTests.test_changed_config_and_incomplete_session_identity_are_rejected) ... ok
test_current_replacement_record_is_rejected_even_when_old_pid_exited (test_os_desktop_backup_locking.ClosedGuardTests.test_current_replacement_record_is_rejected_even_when_old_pid_exited) ... ok
test_existing_device_lock_excludes_a_real_other_process_writer (test_os_desktop_backup_locking.ClosedGuardTests.test_existing_device_lock_excludes_a_real_other_process_writer) ... ok
test_fresh_target_refuses_prior_running_record_even_if_stopped (test_os_desktop_backup_locking.ClosedGuardTests.test_fresh_target_refuses_prior_running_record_even_if_stopped) ... ok
test_live_process_or_orphan_qmp_socket_rejects_before_disk_read (test_os_desktop_backup_locking.ClosedGuardTests.test_live_process_or_orphan_qmp_socket_rejects_before_disk_read) ... ok
test_saved_manifest_cannot_change_during_the_copy_to_lock_gap (test_os_desktop_backup_locking.ClosedGuardTests.test_saved_manifest_cannot_change_during_the_copy_to_lock_gap) ... ok
test_session_started_in_the_snapshot_to_start_gap_is_not_silently_adopted (test_os_desktop_backup_locking.ClosedGuardTests.test_session_started_in_the_snapshot_to_start_gap_is_not_silently_adopted) ... ok
test_source_lock_survives_restore_failure_through_final_hashes_without_nested_copy_lock (test_os_desktop_backup_locking.ClosedGuardTests.test_source_lock_survives_restore_failure_through_final_hashes_without_nested_copy_lock) ... ok
test_exit_first_observed_after_absolute_shutdown_deadline_is_failure (test_os_desktop_backup_locking.DeadlineTests.test_exit_first_observed_after_absolute_shutdown_deadline_is_failure) ... ok
test_readiness_match_returned_late_does_not_pass (test_os_desktop_backup_locking.DeadlineTests.test_readiness_match_returned_late_does_not_pass) ... ok
test_shutdown_never_sends_a_force_power_command_or_restarts_timer (test_os_desktop_backup_locking.DeadlineTests.test_shutdown_never_sends_a_force_power_command_or_restarts_timer) ... ok
test_slow_final_process_observation_cannot_pass_the_deadline (test_os_desktop_backup_locking.DeadlineTests.test_slow_final_process_observation_cannot_pass_the_deadline) ... ok
test_closed_profile_requires_remote_cache_not_a_second_local_ledger (test_os_desktop_backup_profiles.BackupProfileGuards.test_closed_profile_requires_remote_cache_not_a_second_local_ledger) ... ok
test_every_disk_is_compared_at_source_backup_and_restored_destination (test_os_desktop_backup_profiles.BackupProfileGuards.test_every_disk_is_compared_at_source_backup_and_restored_destination) ... ok
test_external_authority_and_runner_cannot_be_called_restored_from_guest_cache (test_os_desktop_backup_profiles.BackupProfileGuards.test_external_authority_and_runner_cannot_be_called_restored_from_guest_cache) ... ok
test_legacy_and_ab_manifests_use_their_actual_format (test_os_desktop_backup_profiles.BackupProfileGuards.test_legacy_and_ab_manifests_use_their_actual_format) ... ok
test_missing_extra_and_invalid_manifest_members_fail_closed (test_os_desktop_backup_profiles.BackupProfileGuards.test_missing_extra_and_invalid_manifest_members_fail_closed) ... ok
test_run_consumes_both_manifest_versions_and_leaves_external_gate_incomplete (test_os_desktop_backup_profiles.BackupProfileGuards.test_run_consumes_both_manifest_versions_and_leaves_external_gate_incomplete)
Exercise orchestration only: all guest/UI/DB seams are synthetic. ... ok
test_symlink_disk_is_rejected_even_if_bytes_match (test_os_desktop_backup_profiles.BackupProfileGuards.test_symlink_disk_is_rejected_even_if_bytes_match) ... ok
test_added_power_table_is_not_covered_by_shutdown_receipt_exception (test_os_desktop_backup_verify.CompleteSchemaEvidenceGuards.test_added_power_table_is_not_covered_by_shutdown_receipt_exception) ... ok
test_all_44_current_business_tables_and_populated_totals_are_observed (test_os_desktop_backup_verify.CompleteSchemaEvidenceGuards.test_all_44_current_business_tables_and_populated_totals_are_observed) ... ok
test_all_added_identity_stream_event_and_credential_hashes_are_compared (test_os_desktop_backup_verify.CompleteSchemaEvidenceGuards.test_all_added_identity_stream_event_and_credential_hashes_are_compared) ... ok
test_due_retry_is_rejected_before_claiming_strict_restoration (test_os_desktop_backup_verify.CompleteSchemaEvidenceGuards.test_due_retry_is_rejected_before_claiming_strict_restoration) ... ok
test_new_table_is_not_silently_omitted (test_os_desktop_backup_verify.CompleteSchemaEvidenceGuards.test_new_table_is_not_silently_omitted) ... ok
test_private_credential_and_membership_rows_are_not_exported (test_os_desktop_backup_verify.CompleteSchemaEvidenceGuards.test_private_credential_and_membership_rows_are_not_exported) ... ok
test_private_snapshot_byte_budget_fails_closed (test_os_desktop_backup_verify.CompleteSchemaEvidenceGuards.test_private_snapshot_byte_budget_fails_closed) ... ok
test_purchaser_profile_preserves_actual_remote_cache_and_all_additional_tables (test_os_desktop_backup_verify.CompleteSchemaEvidenceGuards.test_purchaser_profile_preserves_actual_remote_cache_and_all_additional_tables) ... ok
test_real_identity_row_change_is_detected_without_exporting_it (test_os_desktop_backup_verify.CompleteSchemaEvidenceGuards.test_real_identity_row_change_is_detected_without_exporting_it) ... ok
test_required_table_cannot_be_dropped_to_reduce_comparison_scope (test_os_desktop_backup_verify.CompleteSchemaEvidenceGuards.test_required_table_cannot_be_dropped_to_reduce_comparison_scope) ... ok
test_schema_reads_do_not_modify_source_database_bytes (test_os_desktop_backup_verify.CompleteSchemaEvidenceGuards.test_schema_reads_do_not_modify_source_database_bytes) ... ok
test_sequence_and_schema_changes_are_not_treated_as_harmless_metadata (test_os_desktop_backup_verify.CompleteSchemaEvidenceGuards.test_sequence_and_schema_changes_are_not_treated_as_harmless_metadata) ... ok
test_all_business_hashes_must_match_after_boot (test_os_desktop_backup_verify.RestoreEvidenceGuards.test_all_business_hashes_must_match_after_boot) ... ok
test_completed_job_receipt_and_input_are_not_fabricated (test_os_desktop_backup_verify.RestoreEvidenceGuards.test_completed_job_receipt_and_input_are_not_fabricated) ... ok
test_live_source_existing_destination_and_invalid_name_never_start_actions (test_os_desktop_backup_verify.RestoreEvidenceGuards.test_live_source_existing_destination_and_invalid_name_never_start_actions) ... ok
test_native_shutdown_requires_new_boot_exact_old_receipts_and_guest_event (test_os_desktop_backup_verify.RestoreEvidenceGuards.test_native_shutdown_requires_new_boot_exact_old_receipts_and_guest_event) ... ok
test_wallet_capture_path_only_navigates_and_scrolls (test_os_desktop_backup_verify.RestoreEvidenceGuards.test_wallet_capture_path_only_navigates_and_scrolls) ... ok

----------------------------------------------------------------------
Ran 47 tests in 1.817s

OK
