PASS wallet: real C inputs, authenticated Wallet, fourteen frames, closed synthetic balance
PASS atm: real C inputs, authenticated Wallet, fourteen frames, closed synthetic balance
PASS seven stale coordinates and missing PageDown rejected before wrong-action dispatch
test_context_and_unknown_pin_or_button_rejected (test_pin_readiness.PinReadinessTests.test_context_and_unknown_pin_or_button_rejected) ... ok
test_disabled_four_digit_frame_never_clicks_or_renews_deadline (test_pin_readiness.PinReadinessTests.test_disabled_four_digit_frame_never_clicks_or_renews_deadline) ... ok
test_exact_frame_retained_without_reopening_for_planned_capture (test_pin_readiness.PinReadinessTests.test_exact_frame_retained_without_reopening_for_planned_capture) ... ok
test_final_capture_observed_after_deadline_is_rejected (test_pin_readiness.PinReadinessTests.test_final_capture_observed_after_deadline_is_rejected) ... ok
test_known_zero_to_four_states_and_unknown_frames (test_pin_readiness.PinReadinessTests.test_known_zero_to_four_states_and_unknown_frames) ... ok
test_memory_fd_closes_when_capture_fails (test_pin_readiness.PinReadinessTests.test_memory_fd_closes_when_capture_fails) ... ok
test_real_child_can_open_only_owned_memory_file_and_fd_closes (test_pin_readiness.PinReadinessTests.test_real_child_can_open_only_owned_memory_file_and_fd_closes) ... ok
test_replay_never_signs_or_records_receipt_when_four_digit_readiness_fails (test_pin_readiness.PinReadinessTests.test_replay_never_signs_or_records_receipt_when_four_digit_readiness_fails) ... ok
test_replay_rejects_receipt_first_observed_after_original_deadline (test_pin_readiness.PinReadinessTests.test_replay_rejects_receipt_first_observed_after_original_deadline) ... ok
test_replay_shares_deadline_and_clicks_sign_only_after_visible_readiness (test_pin_readiness.PinReadinessTests.test_replay_shares_deadline_and_clicks_sign_only_after_visible_readiness) ... ok
test_waits_for_actual_four_digits_and_enabled_button (test_pin_readiness.PinReadinessTests.test_waits_for_actual_four_digits_and_enabled_button) ... ok

----------------------------------------------------------------------
Ran 11 tests in 0.673s

OK
test_reviewed_profile_matches_current_native_render_dependencies (test_ui_pin_source_profile.PinSourceProfile.test_reviewed_profile_matches_current_native_render_dependencies) ... ok

----------------------------------------------------------------------
Ran 1 test in 0.020s

OK
