test_actual_sigkill_exit_with_nonreadable_poll_before_exit_observation (test_ui_startup_fixture.StartupFaultFixture.test_actual_sigkill_exit_with_nonreadable_poll_before_exit_observation) ... ok
test_crash_waits_for_same_pidfd_without_racing_proc_stat (test_ui_startup_fixture.StartupFaultFixture.test_crash_waits_for_same_pidfd_without_racing_proc_stat) ... ok
test_missing_exit_readiness_never_becomes_success (test_ui_startup_fixture.StartupFaultFixture.test_missing_exit_readiness_never_becomes_success) ... ok
test_ancillary_and_control_truncation_do_not_leak_descriptors (test_ui_startup_health.StartupLinuxTests.test_ancillary_and_control_truncation_do_not_leak_descriptors) ... ok
test_dead_process_and_replaced_pid_record_rejected (test_ui_startup_health.StartupLinuxTests.test_dead_process_and_replaced_pid_record_rejected) ... ok
test_endpoint_mode_symlink_and_replacement_rejected (test_ui_startup_health.StartupLinuxTests.test_endpoint_mode_symlink_and_replacement_rejected) ... ok
test_executable_pid_and_peer_mismatch (test_ui_startup_health.StartupLinuxTests.test_executable_pid_and_peer_mismatch) ... ok
test_frozen_or_regressing_loop_and_frame_rejected (test_ui_startup_health.StartupLinuxTests.test_frozen_or_regressing_loop_and_frame_rejected) ... ok
test_pid_symlink_hardlink_mode_and_malformed_rejected (test_ui_startup_health.StartupLinuxTests.test_pid_symlink_hardlink_mode_and_malformed_rejected) ... ok
test_real_pidfd_proc_and_fresh_challenges (test_ui_startup_health.StartupLinuxTests.test_real_pidfd_proc_and_fresh_challenges) ... ok
test_stopped_process_and_open_connection_timeout (test_ui_startup_health.StartupLinuxTests.test_stopped_process_and_open_connection_timeout) ... ok
test_wrong_nonce_pid_extra_truncated_and_nul_packets (test_ui_startup_health.StartupLinuxTests.test_wrong_nonce_pid_extra_truncated_and_nul_packets) ... ok
test_ambiguous_or_malformed_mode_rejected (test_ui_startup_health.StartupProtocolTests.test_ambiguous_or_malformed_mode_rejected) ... ok
test_exact_response (test_ui_startup_health.StartupProtocolTests.test_exact_response) ... ok
test_frame_input_and_counter_bounds (test_ui_startup_health.StartupProtocolTests.test_frame_input_and_counter_bounds) ... ok
test_nonce_pid_and_framing_rejected (test_ui_startup_health.StartupProtocolTests.test_nonce_pid_and_framing_rejected) ... ok
test_received_rights_are_closed (test_ui_startup_health.StartupProtocolTests.test_received_rights_are_closed) ... ok
test_required_by_default_and_explicit_headless (test_ui_startup_health.StartupProtocolTests.test_required_by_default_and_explicit_headless) ... ok
test_absent_process_is_not_rendered_ui_evidence (test_ui_startup_verifier.StartupVerifierTests.test_absent_process_is_not_rendered_ui_evidence) ... ok
test_boolean_or_float_persistent_counters_cannot_equal_integer_evidence (test_ui_startup_verifier.StartupVerifierTests.test_boolean_or_float_persistent_counters_cannot_equal_integer_evidence) ... ok
test_changed_durable_floor_pending_or_attempts_are_rejected (test_ui_startup_verifier.StartupVerifierTests.test_changed_durable_floor_pending_or_attempts_are_rejected) ... ok
test_evidence_path_alias_cannot_write_inside_frozen_images (test_ui_startup_verifier.StartupVerifierTests.test_evidence_path_alias_cannot_write_inside_frozen_images) ... ok
test_healthy_factory_requires_real_proof_before_confirmation (test_ui_startup_verifier.StartupVerifierTests.test_healthy_factory_requires_real_proof_before_confirmation) ... ok
test_invalid_limits_record_failure_without_starting_or_creating_disks (test_ui_startup_verifier.StartupVerifierTests.test_invalid_limits_record_failure_without_starting_or_creating_disks) ... ok
test_kernel_timestamped_panic_after_success_markers_is_failure (test_ui_startup_verifier.StartupVerifierTests.test_kernel_timestamped_panic_after_success_markers_is_failure) ... ok
test_mark_good_or_headless_after_fault_is_failure (test_ui_startup_verifier.StartupVerifierTests.test_mark_good_or_headless_after_fault_is_failure) ... ok
test_qemu_drive_option_separators_in_paths_are_rejected (test_ui_startup_verifier.StartupVerifierTests.test_qemu_drive_option_separators_in_paths_are_rejected) ... ok
test_real_stop_and_death_effect_required (test_ui_startup_verifier.StartupVerifierTests.test_real_stop_and_death_effect_required) ... ok
test_rollback_requires_original_slot_and_exhausted_trials (test_ui_startup_verifier.StartupVerifierTests.test_rollback_requires_original_slot_and_exhausted_trials) ... ok
test_scoped_crash_requires_all_four_boots_and_cannot_promote_other_modes (test_ui_startup_verifier.StartupVerifierTests.test_scoped_crash_requires_all_four_boots_and_cannot_promote_other_modes) ... ok
test_scoped_preflight_keeps_deadlines_and_records_unselected_modes_not_run (test_ui_startup_verifier.StartupVerifierTests.test_scoped_preflight_keeps_deadlines_and_records_unselected_modes_not_run) ... ok
test_serial_partial_and_quoted_records_are_not_proofs (test_ui_startup_verifier.StartupVerifierTests.test_serial_partial_and_quoted_records_are_not_proofs) ... ok
test_stale_or_invalid_health_cannot_pass (test_ui_startup_verifier.StartupVerifierTests.test_stale_or_invalid_health_cannot_pass) ... ok

----------------------------------------------------------------------
Ran 33 tests in 5.555s

OK
