======================================================================
ERROR: test_author_revocation_survives_full_backend_restart_without_disabling_other_game (test_game_connections_tls.GameConnectionsTLS.test_author_revocation_survives_full_backend_restart_without_disabling_other_game)
----------------------------------------------------------------------
Traceback (most recent call last):
  File "/home/runner/work/rock/rock/systems/rock-star-os/os/wallet_backend/client.py", line 144, in exchange
    response = connection.getresponse()
  File "/opt/hostedtoolcache/Python/3.13.15/x64/lib/python3.13/http/client.py", line 1478, in getresponse
    response.begin()
    ~~~~~~~~~~~~~~^^
  File "/opt/hostedtoolcache/Python/3.13.15/x64/lib/python3.13/http/client.py", line 343, in begin
    version, status, reason = self._read_status()
                              ~~~~~~~~~~~~~~~~~^^
  File "/opt/hostedtoolcache/Python/3.13.15/x64/lib/python3.13/http/client.py", line 304, in _read_status
    line = str(self.fp.readline(_MAXLINE + 1), "iso-8859-1")
               ~~~~~~~~~~~~~~~~^^^^^^^^^^^^^^
  File "/home/runner/work/rock/rock/systems/rock-star-os/os/runner/transport.py", line 149, in readinto
    value = self.stream.recv(len(buffer))
  File "/home/runner/work/rock/rock/systems/rock-star-os/os/runner/transport.py", line 98, in recv
    return self.stream.recv(size)
           ~~~~~~~~~~~~~~~~^^^^^^
  File "/opt/hostedtoolcache/Python/3.13.15/x64/lib/python3.13/ssl.py", line 1285, in recv
    return self.read(buflen)
           ~~~~~~~~~^^^^^^^^
  File "/opt/hostedtoolcache/Python/3.13.15/x64/lib/python3.13/ssl.py", line 1140, in read
    return self._sslobj.read(len)
           ~~~~~~~~~~~~~~~~~^^^^^
TimeoutError: The read operation timed out

The above exception was the direct cause of the following exception:

Traceback (most recent call last):
  File "/home/runner/work/rock/rock/systems/rock-star-os/tests/test_game_connections_tls.py", line 436, in test_author_revocation_survives_full_backend_restart_without_disabling_other_game
    intent=self.begin(A1,name,key='begin-'+name)['result'];_,reply=self.approve(A1,intent,key='approve-'+name)
                                                                   ~~~~~~~~~~~~^^^^^^^^^^^^^^^^^^^^^^^^^^^^^^^
  File "/home/runner/work/rock/rock/systems/rock-star-os/tests/test_game_connections_tls.py", line 154, in approve
    return req,self.transports[device].exchange(req)
               ~~~~~~~~~~~~~~~~~~~~~~~~~~~~~~~~^^^^^
  File "/home/runner/work/rock/rock/systems/rock-star-os/os/wallet_backend/client.py", line 188, in exchange
    raise BackendUnavailable('Wallet response unavailable; reconcile with the same key') from exc
wallet_backend.client.BackendUnavailable: Wallet response unavailable; reconcile with the same key

----------------------------------------------------------------------
Ran 1385 tests in 446.608s

FAILED (errors=1)
