test_current_state_and_source_process_locks_stay_held_until_plan_finishes (test_current_restore_api.CurrentRestoreAPI.test_current_state_and_source_process_locks_stay_held_until_plan_finishes) ... ok
test_existing_permit_unknown_id_and_pending_restore_refused (test_current_restore_api.CurrentRestoreAPI.test_existing_permit_unknown_id_and_pending_restore_refused) ... ok
test_forged_permit_and_foreign_thread_cannot_reuse_real_admission (test_current_restore_api.CurrentRestoreAPI.test_forged_permit_and_foreign_thread_cannot_reuse_real_admission) ... ok
test_initial_whole_copy_refuses_external_state_lock_holder (test_current_restore_api.CurrentRestoreAPI.test_initial_whole_copy_refuses_external_state_lock_holder) ... ok
test_live_wal_cannot_hide_changed_owner_from_current_generation (test_current_restore_api.CurrentRestoreAPI.test_live_wal_cannot_hide_changed_owner_from_current_generation) ... ok
test_live_wal_retains_sidecar_ownership_and_marker_rejection (test_current_restore_api.CurrentRestoreAPI.test_live_wal_retains_sidecar_ownership_and_marker_rejection) ... ok
test_mixed_copy_bytes_inode_and_typed_record_are_rejected (test_current_restore_api.CurrentRestoreAPI.test_mixed_copy_bytes_inode_and_typed_record_are_rejected) ... ok
test_nonempty_completed_copy_proof_retains_every_copy_and_rows (test_current_restore_api.CurrentRestoreAPI.test_nonempty_completed_copy_proof_retains_every_copy_and_rows) ... ok
test_open_active_initialization_join_is_allowed_before_constructor_only (test_current_restore_api.CurrentRestoreAPI.test_open_active_initialization_join_is_allowed_before_constructor_only) ... ok
test_other_thread_cannot_open_new_writer_before_initial_plan_commit (test_current_restore_api.CurrentRestoreAPI.test_other_thread_cannot_open_new_writer_before_initial_plan_commit) ... ok
test_resume_reads_current_generation_with_real_committed_wal (test_current_restore_api.CurrentRestoreAPI.test_resume_reads_current_generation_with_real_committed_wal) ... ok
test_resume_requires_actual_current_thread_permit_and_matching_record (test_current_restore_api.CurrentRestoreAPI.test_resume_requires_actual_current_thread_permit_and_matching_record) ... ok
test_retired_marker_receipt_and_extra_copy_file_rejected_without_new_mutation (test_current_restore_api.CurrentRestoreAPI.test_retired_marker_receipt_and_extra_copy_file_rejected_without_new_mutation) ... ok
test_source_write_after_retirement_and_missing_lock_are_rejected (test_current_restore_api.CurrentRestoreAPI.test_source_write_after_retirement_and_missing_lock_are_rejected) ... ok
test_copied_active_directory_is_not_a_fresh_contract (test_authority_fence.FenceTests.test_copied_active_directory_is_not_a_fresh_contract) ... ok
test_database_replacement_is_rejected_before_next_action (test_authority_fence.FenceTests.test_database_replacement_is_rejected_before_next_action) ... ok
test_initialize_cannot_be_aborted_while_another_thread_owns_it (test_authority_fence.FenceTests.test_initialize_cannot_be_aborted_while_another_thread_owns_it) ... ok
test_other_thread_admission_serializes_whole_actual_action (test_authority_fence.FenceTests.test_other_thread_admission_serializes_whole_actual_action) ... ok
test_prepared_marker_is_durable_before_any_database_creation (test_authority_fence.FenceTests.test_prepared_marker_is_durable_before_any_database_creation) ... ok
test_quiesce_preserves_current_nested_action_and_blocks_waiting_writer (test_authority_fence.FenceTests.test_quiesce_preserves_current_nested_action_and_blocks_waiting_writer) ... ok
test_real_other_process_cannot_open_owned_coordinator (test_authority_fence.FenceTests.test_real_other_process_cannot_open_owned_coordinator) ... ok
test_real_wallet_action_requires_current_epoch_and_reopens_same_identity (test_authority_fence.FenceTests.test_real_wallet_action_requires_current_epoch_and_reopens_same_identity) ... ok
test_registry_pin_replacement_and_new_nested_contract_are_refused (test_authority_fence.FenceTests.test_registry_pin_replacement_and_new_nested_contract_are_refused) ... ok
test_same_registration_repairs_commit_between_wallet_and_entitlement (test_authority_fence.FenceTests.test_same_registration_repairs_commit_between_wallet_and_entitlement) ... ok
test_two_owner_admissions_cannot_nest_or_share_files (test_authority_fence.FenceTests.test_two_owner_admissions_cannot_nest_or_share_files) ... ok
test_unpinned_coordinator_refuses_open_before_state_creation (test_authority_fence.FenceTests.test_unpinned_coordinator_refuses_open_before_state_creation) ... ok
test_active_marker_before_registry_commit_resumes_without_reposting (test_adopt_legacy.AdoptionTests.test_active_marker_before_registry_commit_resumes_without_reposting) ... ok
test_active_readoption_refuses_without_downgrading_marker_or_registry (test_adopt_legacy.AdoptionTests.test_active_readoption_refuses_without_downgrading_marker_or_registry) ... ok
test_changed_original_rows_or_copied_legacy_inode_refuse_before_marker_mutation (test_adopt_legacy.AdoptionTests.test_changed_original_rows_or_copied_legacy_inode_refuse_before_marker_mutation) ... ok
test_every_committed_identity_stage_resumes_same_migration_without_reposting (test_adopt_legacy.AdoptionTests.test_every_committed_identity_stage_resumes_same_migration_without_reposting) ... ok
test_marker_without_journal_resumes_same_identity_after_coordinator_restart (test_adopt_legacy.AdoptionTests.test_marker_without_journal_resumes_same_identity_after_coordinator_restart) ... ok
test_preserves_nonempty_hold_claimed_bill_credentials_and_every_extra_table (test_adopt_legacy.AdoptionTests.test_preserves_nonempty_hold_claimed_bill_credentials_and_every_extra_table) ... ok
test_actual_inflight_action_and_unreleased_runtime_refuse_restore (test_managed_restore.RestoreTests.test_actual_inflight_action_and_unreleased_runtime_refuse_restore) ... ok
test_changed_source_after_copy_refuses_promotion_without_retiring_source (test_managed_restore.RestoreTests.test_changed_source_after_copy_refuses_promotion_without_retiring_source) ... ok
test_crash_after_retirement_keeps_both_fenced_until_same_restore_resumes (test_managed_restore.RestoreTests.test_crash_after_retirement_keeps_both_fenced_until_same_restore_resumes) ... ok
test_done_registry_before_final_receipt_is_completed_by_same_id_retry (test_managed_restore.RestoreTests.test_done_registry_before_final_receipt_is_completed_by_same_id_retry) ... ok
test_partial_copy_resumes_same_id_and_unknown_destination_file_refuses_promotion (test_managed_restore.RestoreTests.test_partial_copy_resumes_same_id_and_unknown_destination_file_refuses_promotion) ... ok
test_promoted_copy_preserves_all_rows_and_fences_original_and_old_epoch (test_managed_restore.RestoreTests.test_promoted_copy_preserves_all_rows_and_fences_original_and_old_epoch) ... ok
test_each_promotion_write_after_durable_commit_can_finish_same_restore (test_managed_restore_interruptions.IndependentRestoreReview.test_each_promotion_write_after_durable_commit_can_finish_same_restore) ... ok
test_second_current_restore_preserves_ledger_and_increments_epoch_again (test_managed_restore_interruptions.IndependentRestoreReview.test_second_current_restore_preserves_ledger_and_increments_epoch_again) ... ok
test_actual_runtime_adopts_nonempty_legacy_without_reposting_or_early_scheduler (test_contract_runtime_adoption.RuntimeAdoptionCompositionTests.test_actual_runtime_adopts_nonempty_legacy_without_reposting_or_early_scheduler) ... ok
test_close_retains_actual_writer_until_admitted_registration_finishes (test_contract_runtime_fence.ActualRuntimeFenceLifetimeTests.test_close_retains_actual_writer_until_admitted_registration_finishes) ... ok
test_partial_open_close_failure_keeps_actual_prepared_permit_until_retry (test_contract_runtime_fence.ActualRuntimeFenceLifetimeTests.test_partial_open_close_failure_keeps_actual_prepared_permit_until_retry) ... ok
test_real_scheduler_stops_before_actual_authority_lock_release (test_contract_runtime_fence.ActualRuntimeFenceLifetimeTests.test_real_scheduler_stops_before_actual_authority_lock_release) ... ok
test_actual_live_thread_prevents_release_until_it_has_stopped (test_contract_runtime_lifetime.RuntimeLifetimeTests.test_actual_live_thread_prevents_release_until_it_has_stopped) ... ok
test_all_public_opens_bind_protected_registry_before_any_storage_permit (test_contract_runtime_lifetime.RuntimeLifetimeTests.test_all_public_opens_bind_protected_registry_before_any_storage_permit) ... ok
test_bootstrap_constructs_once_before_activate_and_no_early_scheduler (test_contract_runtime_lifetime.RuntimeLifetimeTests.test_bootstrap_constructs_once_before_activate_and_no_early_scheduler) ... ok
test_close_failure_retains_callback_and_writer_for_explicit_retry (test_contract_runtime_lifetime.RuntimeLifetimeTests.test_close_failure_retains_callback_and_writer_for_explicit_retry) ... ok
test_constructor_failure_aborts_without_activation_or_scheduler (test_contract_runtime_lifetime.RuntimeLifetimeTests.test_constructor_failure_aborts_without_activation_or_scheduler) ... ok
test_dispatch_verifies_inside_admission_and_releases_context_after_exception (test_contract_runtime_lifetime.RuntimeLifetimeTests.test_dispatch_verifies_inside_admission_and_releases_context_after_exception) ... ok
test_existing_admission_can_finish_nested_work_while_close_refuses_release (test_contract_runtime_lifetime.RuntimeLifetimeTests.test_existing_admission_can_finish_nested_work_while_close_refuses_release) ... ok
test_expiry_after_waiting_for_admission_never_dispatches (test_contract_runtime_lifetime.RuntimeLifetimeTests.test_expiry_after_waiting_for_admission_never_dispatches) ... ok
test_interrupted_account_binding_blocks_new_mutation_until_same_binding_repairs (test_contract_runtime_lifetime.RuntimeLifetimeTests.test_interrupted_account_binding_blocks_new_mutation_until_same_binding_repairs) ... ok
test_option_factory_or_auth_bypass_rejected_before_coordinator (test_contract_runtime_lifetime.RuntimeLifetimeTests.test_option_factory_or_auth_bypass_rejected_before_coordinator) ... ok
test_partial_open_cleanup_failure_retains_retryable_handle_and_permit (test_contract_runtime_lifetime.RuntimeLifetimeTests.test_partial_open_cleanup_failure_retains_retryable_handle_and_permit) ... ok
test_wrong_principal_and_body_override_rejected_before_any_admission (test_contract_runtime_lifetime.RuntimeLifetimeTests.test_wrong_principal_and_body_override_rejected_before_any_admission) ... ok
test_actual_mutators_without_ticket_refuse_and_foreign_fulfillment_leaves_db_unchanged (test_contract_runtime_wallet.RuntimeWalletCompositionTests.test_actual_mutators_without_ticket_refuse_and_foreign_fulfillment_leaves_db_unchanged) ... ok
test_two_real_services_reuse_auth_monthly_atm_with_independent_same_keys (test_contract_runtime_wallet.RuntimeWalletCompositionTests.test_two_real_services_reuse_auth_monthly_atm_with_independent_same_keys) ... ok
test_wrong_owner_and_revoked_current_revision_do_not_read_or_mutate_other_contract (test_contract_runtime_wallet.RuntimeWalletCompositionTests.test_wrong_owner_and_revoked_current_revision_do_not_read_or_mutate_other_contract) ... ok
test_one_owner_authenticator_revocation_does_not_disable_other_purchased_devices (test_wallet_managed_tls.ManagedOwnerTLSIntegration.test_one_owner_authenticator_revocation_does_not_disable_other_purchased_devices) ... ok
test_owner_body_injection_wrong_token_authority_and_legacy_paths_do_not_dispatch (test_wallet_managed_tls.ManagedOwnerTLSIntegration.test_owner_body_injection_wrong_token_authority_and_legacy_paths_do_not_dispatch) ... ok
test_parallel_same_key_atm_jobs_are_separate_and_cross_owner_lookups_fail (test_wallet_managed_tls.ManagedOwnerTLSIntegration.test_parallel_same_key_atm_jobs_are_separate_and_cross_owner_lookups_fail) ... ok
test_real_tls_commit_lost_to_proxy_replays_once_after_complete_managed_restart (test_wallet_managed_tls.ManagedOwnerTLSIntegration.test_real_tls_commit_lost_to_proxy_replays_once_after_complete_managed_restart) ... ok
test_revoked_transport_blocks_cached_receipt_but_other_devices_keep_their_contracts (test_wallet_managed_tls.ManagedOwnerTLSIntegration.test_revoked_transport_blocks_cached_receipt_but_other_devices_keep_their_contracts) ... ok
test_same_listener_distinct_owner_accounts_shared_alice_contract_terms_and_monthly_scope (test_wallet_managed_tls.ManagedOwnerTLSIntegration.test_same_listener_distinct_owner_accounts_shared_alice_contract_terms_and_monthly_scope) ... ok
test_author_revocation_survives_full_backend_restart_without_disabling_other_game (test_game_connections_tls.GameConnectionsTLS.test_author_revocation_survives_full_backend_restart_without_disabling_other_game) ... ok
test_committed_reservation_without_wallet_intent_recovers_only_original_request (test_game_connections_tls.GameConnectionsTLS.test_committed_reservation_without_wallet_intent_recovers_only_original_request) ... ok
test_complete_restart_retains_exact_consent_and_counter_once (test_game_connections_tls.GameConnectionsTLS.test_complete_restart_retains_exact_consent_and_counter_once) ... ok
test_current_index_rejects_wallet_copy_predating_its_consent (test_game_connections_tls.GameConnectionsTLS.test_current_index_rejects_wallet_copy_predating_its_consent) ... ok
test_old_index_copy_cannot_erase_a_committed_wallet_subject_at_restart (test_game_connections_tls.GameConnectionsTLS.test_old_index_copy_cannot_erase_a_committed_wallet_subject_at_restart) ... ok
test_parallel_shared_worker_routes_preserve_two_owner_game_scopes (test_game_connections_tls.GameConnectionsTLS.test_parallel_shared_worker_routes_preserve_two_owner_game_scopes) ... ok
test_real_consent_signature_wrong_device_and_unknown_commit_recovery (test_game_connections_tls.GameConnectionsTLS.test_real_consent_signature_wrong_device_and_unknown_commit_recovery) ... ok
test_real_signature_tampering_expiry_and_extra_identity_fields_do_not_commit (test_game_connections_tls.GameConnectionsTLS.test_real_signature_tampering_expiry_and_extra_identity_fields_do_not_commit) ... ok
test_scoped_cursor_and_current_revocation_do_not_reveal_other_game_or_owner (test_game_connections_tls.GameConnectionsTLS.test_scoped_cursor_and_current_revocation_do_not_reveal_other_game_or_owner) ... ok
test_two_authors_two_games_three_devices_and_no_wallet_mutation (test_game_connections_tls.GameConnectionsTLS.test_two_authors_two_games_three_devices_and_no_wallet_mutation) ... ok

----------------------------------------------------------------------
Ran 75 tests in 17.455s

OK
{"tests": 75, "errors": 0, "failures": 0, "skipped": 0}
