test_actual_distinct_game_signatures_and_signed_display_binding (test_game_connection_protocol.GameConnectionProtocolTests.test_actual_distinct_game_signatures_and_signed_display_binding) ... ok
test_actual_owner_assertion_uses_original_challenge_device_and_counter (test_game_connection_protocol.GameConnectionProtocolTests.test_actual_owner_assertion_uses_original_challenge_device_and_counter) ... ok
test_begin_receipt_joins_the_complete_proof_request_and_trusted_context (test_game_connection_protocol.GameConnectionProtocolTests.test_begin_receipt_joins_the_complete_proof_request_and_trusted_context) ... ok
test_canonical_nul_domain_unicode_and_order_vectors (test_game_connection_protocol.GameConnectionProtocolTests.test_canonical_nul_domain_unicode_and_order_vectors) ... ok
test_current_api_auth_is_separate_from_historical_signature_verification (test_game_connection_protocol.GameConnectionProtocolTests.test_current_api_auth_is_separate_from_historical_signature_verification) ... ok
test_cursor_is_signed_bounded_and_bound_to_full_authorization_and_filters (test_game_connection_protocol.GameConnectionProtocolTests.test_cursor_is_signed_bounded_and_bound_to_full_authorization_and_filters) ... ok
test_durable_consent_joins_exact_approval_request_assertion_and_saved_intent (test_game_connection_protocol.GameConnectionProtocolTests.test_durable_consent_joins_exact_approval_request_assertion_and_saved_intent) ... ok
test_exact_intent_and_consent_digest_field_sets (test_game_connection_protocol.GameConnectionProtocolTests.test_exact_intent_and_consent_digest_field_sets) ... ok
test_exact_retry_and_no_cross_device_challenge_transfer_or_ttl_reservation_reuse (test_game_connection_protocol.GameConnectionProtocolTests.test_exact_retry_and_no_cross_device_challenge_transfer_or_ttl_reservation_reuse) ... ok
test_existing_prefixed_account_literal_vectors_and_invalid_account_identifiers (test_game_connection_protocol.GameConnectionProtocolTests.test_existing_prefixed_account_literal_vectors_and_invalid_account_identifiers) ... ok
test_existing_tool_registry_entitlement_and_atm_credentials_cannot_sign_game_proofs (test_game_connection_protocol.GameConnectionProtocolTests.test_existing_tool_registry_entitlement_and_atm_credentials_cannot_sign_game_proofs) ... ok
test_four_owner_game_proof_bindings_use_distinct_authenticated_players (test_game_connection_protocol.GameConnectionProtocolTests.test_four_owner_game_proof_bindings_use_distinct_authenticated_players) ... ok
test_literal_cross_language_vectors_verify_and_reject_their_negative_cases (test_game_connection_protocol.GameConnectionProtocolTests.test_literal_cross_language_vectors_verify_and_reject_their_negative_cases) ... ok
test_missing_unknown_duplicate_and_integer_coercions_are_rejected (test_game_connection_protocol.GameConnectionProtocolTests.test_missing_unknown_duplicate_and_integer_coercions_are_rejected) ... ok
test_nonce_and_subject_reservation_match_only_the_original_immutable_intent (test_game_connection_protocol.GameConnectionProtocolTests.test_nonce_and_subject_reservation_match_only_the_original_immutable_intent) ... ok
test_old_signed_active_receipt_cannot_replace_current_revoked_head (test_game_connection_protocol.GameConnectionProtocolTests.test_old_signed_active_receipt_cannot_replace_current_revoked_head) ... ok
test_proof_time_audience_game_revision_key_purpose_and_revocation_fail (test_game_connection_protocol.GameConnectionProtocolTests.test_proof_time_audience_game_revision_key_purpose_and_revocation_fail) ... ok
test_scope_expansion_order_duplicates_and_unimplemented_assets_exchange_fail (test_game_connection_protocol.GameConnectionProtocolTests.test_scope_expansion_order_duplicates_and_unimplemented_assets_exchange_fail) ... ok
test_shared_receipt_preserves_binding_without_private_projection_leaks (test_game_connection_protocol.GameConnectionProtocolTests.test_shared_receipt_preserves_binding_without_private_projection_leaks) ... ok
test_author_revocation_survives_full_backend_restart_without_disabling_other_game (test_game_connections_tls.GameConnectionsTLS.test_author_revocation_survives_full_backend_restart_without_disabling_other_game) ... ok
test_committed_reservation_without_wallet_intent_recovers_only_original_request (test_game_connections_tls.GameConnectionsTLS.test_committed_reservation_without_wallet_intent_recovers_only_original_request) ... ok
test_complete_restart_retains_exact_consent_and_counter_once (test_game_connections_tls.GameConnectionsTLS.test_complete_restart_retains_exact_consent_and_counter_once) ... ok
test_current_index_rejects_wallet_copy_predating_its_consent (test_game_connections_tls.GameConnectionsTLS.test_current_index_rejects_wallet_copy_predating_its_consent) ... ok
test_old_index_copy_cannot_erase_a_committed_wallet_subject_at_restart (test_game_connections_tls.GameConnectionsTLS.test_old_index_copy_cannot_erase_a_committed_wallet_subject_at_restart) ... ok
test_parallel_shared_worker_routes_preserve_two_owner_game_scopes (test_game_connections_tls.GameConnectionsTLS.test_parallel_shared_worker_routes_preserve_two_owner_game_scopes) ... ok
test_real_consent_signature_wrong_device_and_unknown_commit_recovery (test_game_connections_tls.GameConnectionsTLS.test_real_consent_signature_wrong_device_and_unknown_commit_recovery) ... ok
test_real_signature_tampering_expiry_and_extra_identity_fields_do_not_commit (test_game_connections_tls.GameConnectionsTLS.test_real_signature_tampering_expiry_and_extra_identity_fields_do_not_commit) ... ok
test_scoped_cursor_and_current_revocation_do_not_reveal_other_game_or_owner (test_game_connections_tls.GameConnectionsTLS.test_scoped_cursor_and_current_revocation_do_not_reveal_other_game_or_owner) ... ok
test_two_authors_two_games_three_devices_and_no_wallet_mutation (test_game_connections_tls.GameConnectionsTLS.test_two_authors_two_games_three_devices_and_no_wallet_mutation) ... ok
test_real_second_writer_and_replacement_database_are_refused (test_game_storage.GameStorageGuards.test_real_second_writer_and_replacement_database_are_refused) ... ok
test_unlink_of_either_required_owned_file_stops_old_writer (test_game_storage.GameStorageGuards.test_unlink_of_either_required_owned_file_stops_old_writer) ... ok
test_unmarked_foreign_sqlite_is_not_adopted (test_game_storage.GameStorageGuards.test_unmarked_foreign_sqlite_is_not_adopted) ... ok
test_writable_parent_is_not_a_protected_authority_location (test_game_storage.GameStorageGuards.test_writable_parent_is_not_a_protected_authority_location) ... ok

----------------------------------------------------------------------
Ran 33 tests in 7.979s

OK
