test_actual_distinct_game_signatures_and_signed_display_binding (test_game_connection_protocol.GameConnectionProtocolTests.test_actual_distinct_game_signatures_and_signed_display_binding) ... ok
test_actual_owner_assertion_uses_original_challenge_device_and_counter (test_game_connection_protocol.GameConnectionProtocolTests.test_actual_owner_assertion_uses_original_challenge_device_and_counter) ... ok
test_begin_receipt_joins_the_complete_proof_request_and_trusted_context (test_game_connection_protocol.GameConnectionProtocolTests.test_begin_receipt_joins_the_complete_proof_request_and_trusted_context) ... ok
test_canonical_nul_domain_unicode_and_order_vectors (test_game_connection_protocol.GameConnectionProtocolTests.test_canonical_nul_domain_unicode_and_order_vectors) ... ok
test_current_api_auth_is_separate_from_historical_signature_verification (test_game_connection_protocol.GameConnectionProtocolTests.test_current_api_auth_is_separate_from_historical_signature_verification) ... ok
test_cursor_is_signed_bounded_and_bound_to_full_authorization_and_filters (test_game_connection_protocol.GameConnectionProtocolTests.test_cursor_is_signed_bounded_and_bound_to_full_authorization_and_filters) ... ok
test_durable_consent_joins_exact_approval_request_assertion_and_saved_intent (test_game_connection_protocol.GameConnectionProtocolTests.test_durable_consent_joins_exact_approval_request_assertion_and_saved_intent) ... ok
test_exact_intent_and_consent_digest_field_sets (test_game_connection_protocol.GameConnectionProtocolTests.test_exact_intent_and_consent_digest_field_sets) ... ok
test_exact_retry_and_no_cross_device_challenge_transfer_or_ttl_reservation_reuse (test_game_connection_protocol.GameConnectionProtocolTests.test_exact_retry_and_no_cross_device_challenge_transfer_or_ttl_reservation_reuse) ... ok
test_existing_prefixed_account_literal_vectors_and_invalid_account_identifiers (test_game_connection_protocol.GameConnectionProtocolTests.test_existing_prefixed_account_literal_vectors_and_invalid_account_identifiers) ... ok
test_existing_tool_registry_entitlement_and_atm_credentials_cannot_sign_game_proofs (test_game_connection_protocol.GameConnectionProtocolTests.test_existing_tool_registry_entitlement_and_atm_credentials_cannot_sign_game_proofs) ... ok
test_four_owner_game_proof_bindings_use_distinct_authenticated_players (test_game_connection_protocol.GameConnectionProtocolTests.test_four_owner_game_proof_bindings_use_distinct_authenticated_players) ... ok
test_literal_cross_language_vectors_verify_and_reject_their_negative_cases (test_game_connection_protocol.GameConnectionProtocolTests.test_literal_cross_language_vectors_verify_and_reject_their_negative_cases) ... ok
test_missing_unknown_duplicate_and_integer_coercions_are_rejected (test_game_connection_protocol.GameConnectionProtocolTests.test_missing_unknown_duplicate_and_integer_coercions_are_rejected) ... ok
test_nonce_and_subject_reservation_match_only_the_original_immutable_intent (test_game_connection_protocol.GameConnectionProtocolTests.test_nonce_and_subject_reservation_match_only_the_original_immutable_intent) ... ok
test_old_signed_active_receipt_cannot_replace_current_revoked_head (test_game_connection_protocol.GameConnectionProtocolTests.test_old_signed_active_receipt_cannot_replace_current_revoked_head) ... ok
test_proof_time_audience_game_revision_key_purpose_and_revocation_fail (test_game_connection_protocol.GameConnectionProtocolTests.test_proof_time_audience_game_revision_key_purpose_and_revocation_fail) ... ok
test_scope_expansion_order_duplicates_and_unimplemented_assets_exchange_fail (test_game_connection_protocol.GameConnectionProtocolTests.test_scope_expansion_order_duplicates_and_unimplemented_assets_exchange_fail) ... ok
test_shared_receipt_preserves_binding_without_private_projection_leaks (test_game_connection_protocol.GameConnectionProtocolTests.test_shared_receipt_preserves_binding_without_private_projection_leaks) ... ok

----------------------------------------------------------------------
Ran 19 tests in 0.764s

OK
