test_actual_runtime_adopts_nonempty_legacy_without_reposting_or_early_scheduler (test_contract_runtime_adoption.RuntimeAdoptionCompositionTests.test_actual_runtime_adopts_nonempty_legacy_without_reposting_or_early_scheduler) ... ok
test_close_retains_actual_writer_until_admitted_registration_finishes (test_contract_runtime_fence.ActualRuntimeFenceLifetimeTests.test_close_retains_actual_writer_until_admitted_registration_finishes) ... ok
test_partial_open_close_failure_keeps_actual_prepared_permit_until_retry (test_contract_runtime_fence.ActualRuntimeFenceLifetimeTests.test_partial_open_close_failure_keeps_actual_prepared_permit_until_retry) ... ok
test_real_scheduler_stops_before_actual_authority_lock_release (test_contract_runtime_fence.ActualRuntimeFenceLifetimeTests.test_real_scheduler_stops_before_actual_authority_lock_release) ... ok
test_actual_live_thread_prevents_release_until_it_has_stopped (test_contract_runtime_lifetime.RuntimeLifetimeTests.test_actual_live_thread_prevents_release_until_it_has_stopped) ... ok
test_all_public_opens_bind_protected_registry_before_any_storage_permit (test_contract_runtime_lifetime.RuntimeLifetimeTests.test_all_public_opens_bind_protected_registry_before_any_storage_permit) ... ok
test_bootstrap_constructs_once_before_activate_and_no_early_scheduler (test_contract_runtime_lifetime.RuntimeLifetimeTests.test_bootstrap_constructs_once_before_activate_and_no_early_scheduler) ... ok
test_close_failure_retains_callback_and_writer_for_explicit_retry (test_contract_runtime_lifetime.RuntimeLifetimeTests.test_close_failure_retains_callback_and_writer_for_explicit_retry) ... ok
test_constructor_failure_aborts_without_activation_or_scheduler (test_contract_runtime_lifetime.RuntimeLifetimeTests.test_constructor_failure_aborts_without_activation_or_scheduler) ... ok
test_dispatch_verifies_inside_admission_and_releases_context_after_exception (test_contract_runtime_lifetime.RuntimeLifetimeTests.test_dispatch_verifies_inside_admission_and_releases_context_after_exception) ... ok
test_existing_admission_can_finish_nested_work_while_close_refuses_release (test_contract_runtime_lifetime.RuntimeLifetimeTests.test_existing_admission_can_finish_nested_work_while_close_refuses_release) ... ok
test_expiry_after_waiting_for_admission_never_dispatches (test_contract_runtime_lifetime.RuntimeLifetimeTests.test_expiry_after_waiting_for_admission_never_dispatches) ... ok
test_interrupted_account_binding_blocks_new_mutation_until_same_binding_repairs (test_contract_runtime_lifetime.RuntimeLifetimeTests.test_interrupted_account_binding_blocks_new_mutation_until_same_binding_repairs) ... ok
test_option_factory_or_auth_bypass_rejected_before_coordinator (test_contract_runtime_lifetime.RuntimeLifetimeTests.test_option_factory_or_auth_bypass_rejected_before_coordinator) ... ok
test_partial_open_cleanup_failure_retains_retryable_handle_and_permit (test_contract_runtime_lifetime.RuntimeLifetimeTests.test_partial_open_cleanup_failure_retains_retryable_handle_and_permit) ... ok
test_wrong_principal_and_body_override_rejected_before_any_admission (test_contract_runtime_lifetime.RuntimeLifetimeTests.test_wrong_principal_and_body_override_rejected_before_any_admission) ... ok
test_actual_mutators_without_ticket_refuse_and_foreign_fulfillment_leaves_db_unchanged (test_contract_runtime_wallet.RuntimeWalletCompositionTests.test_actual_mutators_without_ticket_refuse_and_foreign_fulfillment_leaves_db_unchanged) ... ok
test_two_real_services_reuse_auth_monthly_atm_with_independent_same_keys (test_contract_runtime_wallet.RuntimeWalletCompositionTests.test_two_real_services_reuse_auth_monthly_atm_with_independent_same_keys) ... ok
test_wrong_owner_and_revoked_current_revision_do_not_read_or_mutate_other_contract (test_contract_runtime_wallet.RuntimeWalletCompositionTests.test_wrong_owner_and_revoked_current_revision_do_not_read_or_mutate_other_contract) ... ok

----------------------------------------------------------------------
Ran 19 tests in 0.486s

OK
