tar: Ignoring unknown extended header keyword 'LIBARCHIVE.xattr.com.apple.provenance'
tar: Ignoring unknown extended header keyword 'LIBARCHIVE.xattr.com.apple.provenance'
tar: Ignoring unknown extended header keyword 'LIBARCHIVE.xattr.com.apple.provenance'
tar: Ignoring unknown extended header keyword 'LIBARCHIVE.xattr.com.apple.provenance'
tar: Ignoring unknown extended header keyword 'LIBARCHIVE.xattr.com.apple.provenance'
tar: Ignoring unknown extended header keyword 'LIBARCHIVE.xattr.com.apple.provenance'
tar: Ignoring unknown extended header keyword 'LIBARCHIVE.xattr.com.apple.provenance'
tar: Ignoring unknown extended header keyword 'LIBARCHIVE.xattr.com.apple.provenance'
tar: Ignoring unknown extended header keyword 'LIBARCHIVE.xattr.com.apple.provenance'
tar: Ignoring unknown extended header keyword 'LIBARCHIVE.xattr.com.apple.provenance'
tar: Ignoring unknown extended header keyword 'LIBARCHIVE.xattr.com.apple.provenance'
tar: Ignoring unknown extended header keyword 'LIBARCHIVE.xattr.com.apple.provenance'
tar: Ignoring unknown extended header keyword 'LIBARCHIVE.xattr.com.apple.provenance'
tar: Ignoring unknown extended header keyword 'LIBARCHIVE.xattr.com.apple.provenance'
tar: Ignoring unknown extended header keyword 'LIBARCHIVE.xattr.com.apple.provenance'
tar: Ignoring unknown extended header keyword 'LIBARCHIVE.xattr.com.apple.provenance'
test_one_owner_authenticator_revocation_does_not_disable_other_purchased_devices (test_wallet_managed_tls.ManagedOwnerTLSIntegration.test_one_owner_authenticator_revocation_does_not_disable_other_purchased_devices) ... ok
test_owner_body_injection_wrong_token_authority_and_legacy_paths_do_not_dispatch (test_wallet_managed_tls.ManagedOwnerTLSIntegration.test_owner_body_injection_wrong_token_authority_and_legacy_paths_do_not_dispatch) ... ok
test_parallel_same_key_atm_jobs_are_separate_and_cross_owner_lookups_fail (test_wallet_managed_tls.ManagedOwnerTLSIntegration.test_parallel_same_key_atm_jobs_are_separate_and_cross_owner_lookups_fail) ... ok
test_real_tls_commit_lost_to_proxy_replays_once_after_complete_managed_restart (test_wallet_managed_tls.ManagedOwnerTLSIntegration.test_real_tls_commit_lost_to_proxy_replays_once_after_complete_managed_restart) ... ok
test_revoked_transport_blocks_cached_receipt_but_other_devices_keep_their_contracts (test_wallet_managed_tls.ManagedOwnerTLSIntegration.test_revoked_transport_blocks_cached_receipt_but_other_devices_keep_their_contracts) ... ok
test_same_listener_distinct_owner_accounts_shared_alice_contract_terms_and_monthly_scope (test_wallet_managed_tls.ManagedOwnerTLSIntegration.test_same_listener_distinct_owner_accounts_shared_alice_contract_terms_and_monthly_scope) ... ok

----------------------------------------------------------------------
Ran 6 tests in 1.581s

OK
test_a_mutated_runtime_descriptor_or_reused_old_rotation_token_is_refused (test_wallet_owner_router.OwnerRouterGuards.test_a_mutated_runtime_descriptor_or_reused_old_rotation_token_is_refused) ... ok
test_bind_is_complete_unique_and_does_not_accept_changed_authority_on_restart (test_wallet_owner_router.OwnerRouterGuards.test_bind_is_complete_unique_and_does_not_accept_changed_authority_on_restart) ... ok
test_expiry_and_revocation_invalidate_previously_authenticated_principal (test_wallet_owner_router.OwnerRouterGuards.test_expiry_and_revocation_invalidate_previously_authenticated_principal) ... ok
test_lifetime_lock_closed_router_and_private_marker_do_not_leak_token (test_wallet_owner_router.OwnerRouterGuards.test_lifetime_lock_closed_router_and_private_marker_do_not_leak_token) ... ok
test_other_token_device_authority_and_claimed_principal_are_rejected (test_wallet_owner_router.OwnerRouterGuards.test_other_token_device_authority_and_claimed_principal_are_rejected) ... ok
test_protected_file_symlink_hardlink_and_overbroad_modes_are_rejected (test_wallet_owner_router.OwnerRouterGuards.test_protected_file_symlink_hardlink_and_overbroad_modes_are_rejected) ... ok
test_rebinding_or_duplicate_tokens_and_owner_pairs_fail_before_runtime_open (test_wallet_owner_router.OwnerRouterGuards.test_rebinding_or_duplicate_tokens_and_owner_pairs_fail_before_runtime_open) ... ok
test_registry_identity_survives_restart_but_a_different_path_copy_is_refused (test_wallet_owner_router.OwnerRouterGuards.test_registry_identity_survives_restart_but_a_different_path_copy_is_refused) ... ok
test_restart_preserves_bindings_and_refuses_credential_rollback_or_missing_marker (test_wallet_owner_router.OwnerRouterGuards.test_restart_preserves_bindings_and_refuses_credential_rollback_or_missing_marker) ... ok
test_transport_revocation_commits_only_under_its_contract_admission (test_wallet_owner_router.OwnerRouterGuards.test_transport_revocation_commits_only_under_its_contract_admission) ... ok
test_two_owners_three_devices_derive_only_the_registered_contract (test_wallet_owner_router.OwnerRouterGuards.test_two_owners_three_devices_derive_only_the_registered_contract) ... ok

----------------------------------------------------------------------
Ran 11 tests in 0.006s

OK
test_old_cache_cannot_be_relabelled_v3_even_at_same_origin_authority_and_device (test_wallet_client_v3.WalletClientV3Guards.test_old_cache_cannot_be_relabelled_v3_even_at_same_origin_authority_and_device) ... ok
test_only_v3_exact_unbound_authentication_denial_can_hide_cached_data (test_wallet_client_v3.WalletClientV3Guards.test_only_v3_exact_unbound_authentication_denial_can_hide_cached_data) ... ok
test_private_v3_profile_and_local_authority_remnants_refuse_new_proxy (test_wallet_client_v3.WalletClientV3Guards.test_private_v3_profile_and_local_authority_remnants_refuse_new_proxy) ... ok
test_strict_v3_config_has_no_owner_ledger_account_or_endpoint_override (test_wallet_client_v3.WalletClientV3Guards.test_strict_v3_config_has_no_owner_ledger_account_or_endpoint_override) ... ok
test_v3_requires_explicit_version_and_device_and_keeps_legacy_fingerprints (test_wallet_client_v3.WalletClientV3Guards.test_v3_requires_explicit_version_and_device_and_keeps_legacy_fingerprints) ... ok
test_v3_token_and_profile_must_be_private (test_wallet_client_v3.WalletClientV3Guards.test_v3_token_and_profile_must_be_private) ... ok

----------------------------------------------------------------------
Ran 6 tests in 0.008s

OK
test_cached_response_cannot_be_redirected_to_another_authority (test_wallet_backend_client.WalletBackendClientTests.test_cached_response_cannot_be_redirected_to_another_authority) ... ok
test_closed_instance_cannot_dispatch_after_new_instance_takes_lock (test_wallet_backend_client.WalletBackendClientTests.test_closed_instance_cannot_dispatch_after_new_instance_takes_lock) ... ok
test_configured_service_refuses_existing_local_ledger_before_transport (test_wallet_backend_client.WalletBackendClientTests.test_configured_service_refuses_existing_local_ledger_before_transport) ... ok
test_existing_world_readable_cache_is_refused_without_repair_or_exchange (test_wallet_backend_client.WalletBackendClientTests.test_existing_world_readable_cache_is_refused_without_repair_or_exchange) ... ok
test_first_offline_snapshot_has_no_fabricated_balance (test_wallet_backend_client.WalletBackendClientTests.test_first_offline_snapshot_has_no_fabricated_balance) ... ok
test_fresh_not_sent_mutation_is_not_accepted_or_queued (test_wallet_backend_client.WalletBackendClientTests.test_fresh_not_sent_mutation_is_not_accepted_or_queued) ... ok
test_invalid_version_and_privileged_operations_are_local_rejections (test_wallet_backend_client.WalletBackendClientTests.test_invalid_version_and_privileged_operations_are_local_rejections) ... ok
test_live_atm_state_is_not_answered_from_offline_snapshot_cache (test_wallet_backend_client.WalletBackendClientTests.test_live_atm_state_is_not_answered_from_offline_snapshot_cache) ... ok
test_lost_ack_restart_reconciles_exact_request_before_snapshot_once (test_wallet_backend_client.WalletBackendClientTests.test_lost_ack_restart_reconciles_exact_request_before_snapshot_once) ... ok
test_malformed_or_mismatched_ack_stays_pending_until_exact_reconciliation (test_wallet_backend_client.WalletBackendClientTests.test_malformed_or_mismatched_ack_stays_pending_until_exact_reconciliation) ... ok
test_malformed_snapshot_never_replaces_last_valid_cache_or_sync_time (test_wallet_backend_client.WalletBackendClientTests.test_malformed_snapshot_never_replaces_last_valid_cache_or_sync_time) ... ok
test_no_local_wallet_or_entitlement_ledger_is_created (test_wallet_backend_client.WalletBackendClientTests.test_no_local_wallet_or_entitlement_ledger_is_created) ... ok
test_offline_cache_keeps_sync_time_and_money_across_restart (test_wallet_backend_client.WalletBackendClientTests.test_offline_cache_keeps_sync_time_and_money_across_restart) ... ok
test_pending_cancel_is_retained_and_never_changed_to_new_consent (test_wallet_backend_client.WalletBackendClientTests.test_pending_cancel_is_retained_and_never_changed_to_new_consent) ... ok
test_receipt_capacity_rejects_new_work_but_keeps_exact_replay_available (test_wallet_backend_client.WalletBackendClientTests.test_receipt_capacity_rejects_new_work_but_keeps_exact_replay_available) ... ok
test_same_key_different_body_is_rejected_pending_and_after_completion (test_wallet_backend_client.WalletBackendClientTests.test_same_key_different_body_is_rejected_pending_and_after_completion) ... ok
test_structured_unavailable_stays_pending_instead_of_becoming_receipt (test_wallet_backend_client.WalletBackendClientTests.test_structured_unavailable_stays_pending_instead_of_becoming_receipt) ... ok
test_unknown_fields_rejected_before_any_read_or_mutation_exchange (test_wallet_backend_client.WalletBackendClientTests.test_unknown_fields_rejected_before_any_read_or_mutation_exchange) ... ok
test_untrusted_uid_never_reaches_transport_or_queue (test_wallet_backend_client.WalletBackendClientTests.test_untrusted_uid_never_reaches_transport_or_queue) ... ok
test_callback_survives_inflight_tls_work_then_is_released (test_wallet_backend_close_lifetime.BackendCloseLifetimeTests.test_callback_survives_inflight_tls_work_then_is_released) ... ok
test_listener_close_failure_does_not_drop_callback (test_wallet_backend_close_lifetime.BackendCloseLifetimeTests.test_listener_close_failure_does_not_drop_callback) ... ok
test_service_close_failure_retains_callback_until_successful_retry (test_wallet_backend_close_lifetime.BackendCloseLifetimeTests.test_service_close_failure_retains_callback_until_successful_retry) ... ok
test_changed_completed_receipt_cannot_clear_denial_or_replace_original (test_wallet_backend_device_client.WalletBackendDeviceClientTests.test_changed_completed_receipt_cannot_clear_denial_or_replace_original) ... ok
test_completed_receipt_replay_checks_authority_and_denial_never_overwrites_receipt (test_wallet_backend_device_client.WalletBackendDeviceClientTests.test_completed_receipt_replay_checks_authority_and_denial_never_overwrites_receipt) ... ok
test_device_fingerprint_separates_legacy_and_devices_and_rejects_populated_cache_change (test_wallet_backend_device_client.WalletBackendDeviceClientTests.test_device_fingerprint_separates_legacy_and_devices_and_rejects_populated_cache_change) ... ok
test_http_200_wrong_missing_or_duplicate_device_echo_keeps_committed_request_unknown (test_wallet_backend_device_client.WalletBackendDeviceClientTests.test_http_200_wrong_missing_or_duplicate_device_echo_keeps_committed_request_unknown) ... ok
test_known_snapshot_denial_survives_restart_and_offline_without_stale_display (test_wallet_backend_device_client.WalletBackendDeviceClientTests.test_known_snapshot_denial_survives_restart_and_offline_without_stale_display) ... ok
test_malformed_snapshot_success_cannot_reenable_previously_denied_cache (test_wallet_backend_device_client.WalletBackendDeviceClientTests.test_malformed_snapshot_success_cannot_reenable_previously_denied_cache) ... ok
test_malformed_success_cannot_clear_denial_or_close_pending (test_wallet_backend_device_client.WalletBackendDeviceClientTests.test_malformed_success_cannot_clear_denial_or_close_pending) ... ok
test_revoke_after_lost_ack_keeps_exact_pending_until_authorized_reconciliation (test_wallet_backend_device_client.WalletBackendDeviceClientTests.test_revoke_after_lost_ack_keeps_exact_pending_until_authorized_reconciliation) ... ok
test_schema_two_requires_exact_device_contract_and_preserves_schema_one (test_wallet_backend_device_client.WalletBackendDeviceClientTests.test_schema_two_requires_exact_device_contract_and_preserves_schema_one) ... ok
test_actual_tls_ack_truncation_recovers_exact_receipt_after_proxy_restart (test_wallet_backend_integration.WalletBackendWireContractTests.test_actual_tls_ack_truncation_recovers_exact_receipt_after_proxy_restart) ... ok
test_real_policy_rejection_is_terminal_and_does_not_block_new_consent (test_wallet_backend_integration.WalletBackendWireContractTests.test_real_policy_rejection_is_terminal_and_does_not_block_new_consent) ... ok
test_snapshot_is_real_authority_data_with_read_only_local_cache (test_wallet_backend_integration.WalletBackendWireContractTests.test_snapshot_is_real_authority_data_with_read_only_local_cache) ... ok
test_wrong_authority_is_rejected_before_financial_dispatch (test_wallet_backend_integration.WalletBackendWireContractTests.test_wrong_authority_is_rejected_before_financial_dispatch) ... ok
test_append_only_restart_adds_device_without_replacing_existing_binding (test_wallet_backend_multi_device.WalletBackendMultiDeviceTests.test_append_only_restart_adds_device_without_replacing_existing_binding) ... ok
test_credentials_are_strict_bounded_and_protected_before_service_initialization (test_wallet_backend_multi_device.WalletBackendMultiDeviceTests.test_credentials_are_strict_bounded_and_protected_before_service_initialization) ... ok
test_interrupted_upgrade_before_authority_flag_never_falls_back_and_same_config_recovers (test_wallet_backend_multi_device.WalletBackendMultiDeviceTests.test_interrupted_upgrade_before_authority_flag_never_falls_back_and_same_config_recovers) ... ok
test_legacy_upgrade_preserves_uuid_balance_hold_and_existing_receipts (test_wallet_backend_multi_device.WalletBackendMultiDeviceTests.test_legacy_upgrade_preserves_uuid_balance_hold_and_existing_receipts) ... ok
test_mapping_alone_does_not_mint_handoff_or_account (test_wallet_backend_multi_device.WalletBackendMultiDeviceTests.test_mapping_alone_does_not_mint_handoff_or_account) ... ok
test_missing_or_removed_config_cannot_downgrade_bound_authority (test_wallet_backend_multi_device.WalletBackendMultiDeviceTests.test_missing_or_removed_config_cannot_downgrade_bound_authority) ... ok
test_owner_cannot_mint_or_supply_protected_device_context (test_wallet_backend_multi_device.WalletBackendMultiDeviceTests.test_owner_cannot_mint_or_supply_protected_device_context) ... ok
test_private_marker_contains_only_hashed_tokens_and_reordered_config_is_equivalent (test_wallet_backend_multi_device.WalletBackendMultiDeviceTests.test_private_marker_contains_only_hashed_tokens_and_reordered_config_is_equivalent) ... ok
test_revoked_device_cannot_read_or_replay_while_second_device_works (test_wallet_backend_multi_device.WalletBackendMultiDeviceTests.test_revoked_device_cannot_read_or_replay_while_second_device_works) ... ok
test_signed_suspend_waits_for_same_store_admitted_action (test_wallet_backend_multi_device.WalletBackendMultiDeviceTests.test_signed_suspend_waits_for_same_store_admitted_action) ... ok
test_two_tls_devices_share_one_registration_contract_and_one_monthly_debit (test_wallet_backend_multi_device.WalletBackendMultiDeviceTests.test_two_tls_devices_share_one_registration_contract_and_one_monthly_debit) ... ok
test_unknown_commit_replay_is_same_receipt_but_always_reauthorizes (test_wallet_backend_multi_device.WalletBackendMultiDeviceTests.test_unknown_commit_replay_is_same_receipt_but_always_reauthorizes) ... ok
test_wrong_signed_owner_and_expired_device_are_denied_before_dispatch (test_wallet_backend_multi_device.WalletBackendMultiDeviceTests.test_wrong_signed_owner_and_expired_device_are_denied_before_dispatch) ... ok
test_wrong_token_header_authority_and_legacy_endpoint_do_not_dispatch (test_wallet_backend_multi_device.WalletBackendMultiDeviceTests.test_wrong_token_header_authority_and_legacy_endpoint_do_not_dispatch) ... ok
test_any_cache_entry_without_configuration_blocks_fallback_without_touching_targets (test_wallet_backend_profile.WalletBackendProfileTests.test_any_cache_entry_without_configuration_blocks_fallback_without_touching_targets) ... ok
test_existing_local_ledger_cannot_be_replaced_by_remote_profile (test_wallet_backend_profile.WalletBackendProfileTests.test_existing_local_ledger_cannot_be_replaced_by_remote_profile) ... ok
test_explicit_remote_configuration_uses_real_cache_and_never_local_wallet (test_wallet_backend_profile.WalletBackendProfileTests.test_explicit_remote_configuration_uses_real_cache_and_never_local_wallet) ... ok
test_fresh_device_without_remote_configuration_opens_normal_local_wallet (test_wallet_backend_profile.WalletBackendProfileTests.test_fresh_device_without_remote_configuration_opens_normal_local_wallet) ... ok
test_invalid_existing_configuration_never_falls_back_or_creates_state (test_wallet_backend_profile.WalletBackendProfileTests.test_invalid_existing_configuration_never_falls_back_or_creates_state) ... ok
test_lost_configuration_preserves_real_remote_cache_and_refuses_local_constructor (test_wallet_backend_profile.WalletBackendProfileTests.test_lost_configuration_preserves_real_remote_cache_and_refuses_local_constructor) ... ok
test_symlink_or_directory_configuration_reaches_protected_loader_without_fallback (test_wallet_backend_profile.WalletBackendProfileTests.test_symlink_or_directory_configuration_reaches_protected_loader_without_fallback) ... ok
test_absolute_deadline_expires_slow_partial_body_and_returns_slot (test_wallet_backend_server.WalletBackendServerTests.test_absolute_deadline_expires_slow_partial_body_and_returns_slot) ... ok
test_ambiguous_http_framing_method_path_and_request_size_are_rejected (test_wallet_backend_server.WalletBackendServerTests.test_ambiguous_http_framing_method_path_and_request_size_are_rejected) ... ok
test_atm_invalid_amount_and_insufficient_funds_are_definite_rejections (test_wallet_backend_server.WalletBackendServerTests.test_atm_invalid_amount_and_insufficient_funds_are_definite_rejections) ... ok
test_authentication_rejects_missing_other_role_and_duplicate_header_before_dispatch (test_wallet_backend_server.WalletBackendServerTests.test_authentication_rejects_missing_other_role_and_duplicate_header_before_dispatch) ... ok
test_authority_pin_missing_wrong_and_duplicate_rejected_before_dispatch (test_wallet_backend_server.WalletBackendServerTests.test_authority_pin_missing_wrong_and_duplicate_rejected_before_dispatch) ... ok
test_complete_frame_expiring_during_validation_never_starts_dispatch (test_wallet_backend_server.WalletBackendServerTests.test_complete_frame_expiring_during_validation_never_starts_dispatch) ... ok
test_concurrent_same_key_registration_has_one_receipt_and_identity (test_wallet_backend_server.WalletBackendServerTests.test_concurrent_same_key_registration_has_one_receipt_and_identity) ... ok
test_existing_unsafe_storage_rejected_before_sqlite_or_external_file_changes (test_wallet_backend_server.WalletBackendServerTests.test_existing_unsafe_storage_rejected_before_sqlite_or_external_file_changes) ... ok
test_fresh_authorities_have_distinct_persistent_uuid4_identity (test_wallet_backend_server.WalletBackendServerTests.test_fresh_authorities_have_distinct_persistent_uuid4_identity) ... ok
test_http_owner_cannot_mint_settle_or_assert_atm_even_with_extra_identity (test_wallet_backend_server.WalletBackendServerTests.test_http_owner_cannot_mint_settle_or_assert_atm_even_with_extra_identity) ... ok
test_listener_failure_releases_singleton_and_preserves_original_error (test_wallet_backend_server.WalletBackendServerTests.test_listener_failure_releases_singleton_and_preserves_original_error) ... ok
test_marker_corruption_or_alias_is_rejected_before_service_start (test_wallet_backend_server.WalletBackendServerTests.test_marker_corruption_or_alias_is_rejected_before_service_start) ... ok
test_owner_atm_issue_status_cancel_reuses_protected_context (test_wallet_backend_server.WalletBackendServerTests.test_owner_atm_issue_status_cancel_reuses_protected_context) ... ok
test_registration_replay_and_same_key_conflict_are_durable (test_wallet_backend_server.WalletBackendServerTests.test_registration_replay_and_same_key_conflict_are_durable) ... ok
test_response_size_bound_keeps_unknown_semantics (test_wallet_backend_server.WalletBackendServerTests.test_response_size_bound_keeps_unknown_semantics) ... ok
test_scheduler_uses_one_existing_ledger_and_owner_billing_acceptance_is_not_payment (test_wallet_backend_server.WalletBackendServerTests.test_scheduler_uses_one_existing_ledger_and_owner_billing_acceptance_is_not_payment) ... ok
test_singleton_loopback_and_nonmigration_state_guards (test_wallet_backend_server.WalletBackendServerTests.test_singleton_loopback_and_nonmigration_state_guards) ... ok
test_strict_json_duplicate_nonfinite_nonobject_and_boolean_version (test_wallet_backend_server.WalletBackendServerTests.test_strict_json_duplicate_nonfinite_nonobject_and_boolean_version) ... ok
test_tls_reads_reuse_existing_service_and_do_not_create_consent (test_wallet_backend_server.WalletBackendServerTests.test_tls_reads_reuse_existing_service_and_do_not_create_consent) ... ok
test_twelve_slots_include_tls_handshakes_and_reject_thirteenth (test_wallet_backend_server.WalletBackendServerTests.test_twelve_slots_include_tls_handshakes_and_reject_thirteenth) ... ok
test_unknown_post_commit_error_is_unavailable_and_same_key_recovers (test_wallet_backend_server.WalletBackendServerTests.test_unknown_post_commit_error_is_unavailable_and_same_key_recovers) ... ok

----------------------------------------------------------------------
Ran 77 tests in 1.538s

OK
test_actual_tls_enrollment_quote_assertion_and_exact_replay (test_wallet_auth_backend.WalletAuthTLSIntegrationTests.test_actual_tls_enrollment_quote_assertion_and_exact_replay) ... ok
test_client_rejects_changed_quote_amount_and_acknowledgement_amount (test_wallet_auth_backend.WalletAuthTLSIntegrationTests.test_client_rejects_changed_quote_amount_and_acknowledgement_amount) ... ok
test_legacy_issue_and_unverified_assertion_are_rejected_over_tls (test_wallet_auth_backend.WalletAuthTLSIntegrationTests.test_legacy_issue_and_unverified_assertion_are_rejected_over_tls) ... ok
test_response_lost_after_actual_tls_commit_recovers_after_client_restart (test_wallet_auth_backend.WalletAuthTLSIntegrationTests.test_response_lost_after_actual_tls_commit_recovers_after_client_restart) ... ok
test_second_device_enrolls_same_contract_and_recovers_after_first_credential_revocation (test_wallet_auth_backend.WalletAuthTLSIntegrationTests.test_second_device_enrolls_same_contract_and_recovers_after_first_credential_revocation) ... ok

----------------------------------------------------------------------
Ran 5 tests in 0.395s

OK
