test_backend_rejection_is_preserved (__main__.NativeIPC.test_backend_rejection_is_preserved) ... ERROR
test_install_and_update_allow_bounded_download_latency (__main__.NativeIPC.test_install_and_update_allow_bounded_download_latency) ... 
  test_install_and_update_allow_bounded_download_latency (__main__.NativeIPC.test_install_and_update_allow_bounded_download_latency) (operation='install') ... ERROR
  test_install_and_update_allow_bounded_download_latency (__main__.NativeIPC.test_install_and_update_allow_bounded_download_latency) (operation='update') ... ERROR
test_install_still_has_a_total_deadline (__main__.NativeIPC.test_install_still_has_a_total_deadline) ... ERROR
test_json_escaped_text_round_trip (__main__.NativeIPC.test_json_escaped_text_round_trip) ... ERROR
test_malformed_and_missing_status_are_rejected (__main__.NativeIPC.test_malformed_and_missing_status_are_rejected) ... 
  test_malformed_and_missing_status_are_rejected (__main__.NativeIPC.test_malformed_and_missing_status_are_rejected) (response=b'not-json\n') ... ERROR
  test_malformed_and_missing_status_are_rejected (__main__.NativeIPC.test_malformed_and_missing_status_are_rejected) (response=b'{}\n') ... ERROR
  test_malformed_and_missing_status_are_rejected (__main__.NativeIPC.test_malformed_and_missing_status_are_rejected) (response=b'{"ok":1}\n') ... ERROR
  test_malformed_and_missing_status_are_rejected (__main__.NativeIPC.test_malformed_and_missing_status_are_rejected) (response=b'[]\n') ... ERROR
  test_malformed_and_missing_status_are_rejected (__main__.NativeIPC.test_malformed_and_missing_status_are_rejected) (response=b'{"ok":true}\n{}\n') ... ERROR
  test_malformed_and_missing_status_are_rejected (__main__.NativeIPC.test_malformed_and_missing_status_are_rejected) (response=b'{"ok":true}\x00\n') ... ERROR
test_peer_authentication (__main__.NativeIPC.test_peer_authentication) ... ERROR
test_power_receipt_allows_slow_durable_commit (__main__.NativeIPC.test_power_receipt_allows_slow_durable_commit) ... 
  test_power_receipt_allows_slow_durable_commit (__main__.NativeIPC.test_power_receipt_allows_slow_durable_commit) (operation='device.reboot') ... ERROR
  test_power_receipt_allows_slow_durable_commit (__main__.NativeIPC.test_power_receipt_allows_slow_durable_commit) (operation='device.poweroff') ... ERROR
test_request_limit_checked_before_connect (__main__.NativeIPC.test_request_limit_checked_before_connect) ... ERROR
test_response_limit (__main__.NativeIPC.test_response_limit) ... ERROR
test_success_and_exact_request (__main__.NativeIPC.test_success_and_exact_request) ... ERROR
test_timeout (__main__.NativeIPC.test_timeout) ... ERROR
test_truncated_response (__main__.NativeIPC.test_truncated_response) ... ERROR

======================================================================
ERROR: test_backend_rejection_is_preserved (__main__.NativeIPC.test_backend_rejection_is_preserved)
----------------------------------------------------------------------
Traceback (most recent call last):
  File "test_ipc.py", line 67, in test_backend_rejection_is_preserved
    result, _, _ = self.exchange(b'{"ok":false,"error":"permission denied","code":"FORBIDDEN"}\n')
                   ~~~~~~~~~~~~~^^^^^^^^^^^^^^^^^^^^^^^^^^^^^^^^^^^^^^^^^^^^^^^^^^^^^^^^^^^^^^^^^^
  File "test_ipc.py", line 50, in exchange
    result = subprocess.run(
        [self.binary, path, str(os.getuid() if expected_uid is None else expected_uid),
         json.dumps(request or {"v": 1, "op": "snapshot"}, ensure_ascii=False)],
        capture_output=True, text=True, timeout=timeout,
    )
  File "/opt/hostedtoolcache/Python/3.13.15/x64/lib/python3.13/subprocess.py", line 554, in run
    with Popen(*popenargs, **kwargs) as process:
         ~~~~~^^^^^^^^^^^^^^^^^^^^^^
  File "/opt/hostedtoolcache/Python/3.13.15/x64/lib/python3.13/subprocess.py", line 1039, in __init__
    self._execute_child(args, executable, preexec_fn, close_fds,
    ~~~~~~~~~~~~~~~~~~~^^^^^^^^^^^^^^^^^^^^^^^^^^^^^^^^^^^^^^^^^
                        pass_fds, cwd, env,
                        ^^^^^^^^^^^^^^^^^^^
    ...<5 lines>...
                        gid, gids, uid, umask,
                        ^^^^^^^^^^^^^^^^^^^^^^
                        start_new_session, process_group)
                        ^^^^^^^^^^^^^^^^^^^^^^^^^^^^^^^^^
  File "/opt/hostedtoolcache/Python/3.13.15/x64/lib/python3.13/subprocess.py", line 1991, in _execute_child
    raise child_exception_type(errno_num, err_msg, err_filename)
FileNotFoun